#
# There is insufficient memory for the Java Runtime Environment to continue.
# Native memory allocation (malloc) failed to allocate 1514256 bytes. Error detail: Chunk::new
# Possible reasons:
#   The system is out of physical RAM or swap space
#   This process is running with CompressedOops enabled, and the Java Heap may be blocking the growth of the native heap
# Possible solutions:
#   Reduce memory load on the system
#   Increase physical memory or swap space
#   Check if swap backing store is full
#   Decrease Java heap size (-Xmx/-Xms)
#   Decrease number of Java threads
#   Decrease Java thread stack sizes (-Xss)
#   Set larger code cache with -XX:ReservedCodeCacheSize=
#   JVM is running with Unscaled Compressed Oops mode in which the Java heap is
#     placed in the first 4GB address space. The Java Heap base address is the
#     maximum limit for the native heap growth. Please use -XX:HeapBaseMinAddress
#     to set the Java Heap base and to place the Java Heap above 4GB virtual address.
# This output file may be truncated or incomplete.
#
#  Out of Memory Error (arena.cpp:168), pid=25388, tid=25588
#
# JRE version: OpenJDK Runtime Environment Temurin-21.0.11+10 (21.0.11+10) (build 21.0.11+10-LTS)
# Java VM: OpenJDK 64-Bit Server VM Temurin-21.0.11+10 (21.0.11+10-LTS, mixed mode, sharing, tiered, compressed oops, compressed class ptrs, parallel gc, windows-amd64)
# No core dump will be written. Minidumps are not enabled by default on client versions of Windows
#

---------------  S U M M A R Y ------------

Command Line: --add-modules=ALL-SYSTEM --add-opens=java.base/java.util=ALL-UNNAMED --add-opens=java.base/java.lang=ALL-UNNAMED --add-opens=java.base/sun.nio.fs=ALL-UNNAMED -Declipse.application=org.eclipse.jdt.ls.core.id1 -Dosgi.bundles.defaultStartLevel=4 -Declipse.product=org.eclipse.jdt.ls.core.product -Djava.import.generatesMetadataFilesAtProjectRoot=false -DDetectVMInstallationsJob.disabled=true -Dfile.encoding=utf8 -XX:+UseParallelGC -XX:GCTimeRatio=4 -XX:AdaptiveSizePolicyWeight=90 -Dsun.zip.disableMemoryMapping=true -Xmx2G -Xms100m -Xlog:disable -javaagent:c:\Users\Admin\.antigravity\extensions\redhat.java-1.55.0-win32-x64\lombok\lombok-1.18.39-4050.jar -XX:+HeapDumpOnOutOfMemoryError -XX:HeapDumpPath=c:\Users\Admin\AppData\Roaming\Antigravity\User\workspaceStorage\a078f8295506c358ccbcd32556f50a8e\redhat.java -Daether.dependencyCollector.impl=bf c:\Users\Admin\.antigravity\extensions\redhat.java-1.55.0-win32-x64\server\plugins\org.eclipse.equinox.launcher_1.7.200.v20260619-2039.jar -configuration c:\Users\Admin\AppData\Roaming\Antigravity\User\globalStorage\redhat.java\1.55.0\config_win -data c:\Users\Admin\AppData\Roaming\Antigravity\User\workspaceStorage\a078f8295506c358ccbcd32556f50a8e\redhat.java\jdt_ws --pipe=\\.\pipe\lsp-39d06e781e771e2591197a4da9719a3d-sock

Host: 11th Gen Intel(R) Core(TM) i5-11400H @ 2.70GHz, 12 cores, 15G,  Windows 11 , 64 bit Build 26100 (10.0.26100.8875)
Time: Tue Aug 11 15:32:22 2026 SE Asia Standard Time elapsed time: 7.533453 seconds (0d 0h 0m 7s)

---------------  T H R E A D  ---------------

Current thread (0x000001c7df191030):  JavaThread "C2 CompilerThread0" daemon [_thread_in_native, id=25588, stack(0x000000861af00000,0x000000861b000000) (1024K)]


Current CompileTask:
C2:7533 3085       4       java.lang.invoke.MethodType::makeImpl (109 bytes)

Stack: [0x000000861af00000,0x000000861b000000]
Native frames: (J=compiled Java code, j=interpreted, Vv=VM code, C=native code)
V  [jvm.dll+0x6d7e19]
V  [jvm.dll+0x8b5096]
V  [jvm.dll+0x8b764e]
V  [jvm.dll+0x8b7d33]
V  [jvm.dll+0x284596]
V  [jvm.dll+0xc685d]
V  [jvm.dll+0xc6da1]
V  [jvm.dll+0x3bed31]
V  [jvm.dll+0x38b2b2]
V  [jvm.dll+0x38a6fa]
V  [jvm.dll+0x24c700]
V  [jvm.dll+0x24bce0]
V  [jvm.dll+0x1cb4ae]
V  [jvm.dll+0x25baad]
V  [jvm.dll+0x25a03a]
V  [jvm.dll+0x3f868e]
V  [jvm.dll+0x85fb0d]
V  [jvm.dll+0x6d664d]
C  [ucrtbase.dll+0x2cd30]
C  [KERNEL32.DLL+0x2e957]
C  [ntdll.dll+0xaad6c]


---------------  P R O C E S S  ---------------

Threads class SMR info:
_java_thread_list=0x000001c7f7100670, length=21, elements={
0x000001c7df0df110, 0x000001c7df1801e0, 0x000001c7df1875d0, 0x000001c7df189c50,
0x000001c7df18ca20, 0x000001c7df18d480, 0x000001c7df18dee0, 0x000001c7df191030,
0x000001c7f6e58840, 0x000001c7f6ff0f40, 0x000001c7f712ac30, 0x000001c7fcb96a60,
0x000001c7fc72e930, 0x000001c7fc53b400, 0x000001c7fc534850, 0x000001c7fcff22d0,
0x000001c7fd0d16b0, 0x000001c7fc82e970, 0x000001c7fcd5e4f0, 0x000001c7fcd5de60,
0x000001c7fcd5cab0
}

Java Threads: ( => current thread )
  0x000001c7df0df110 JavaThread "main"                              [_thread_blocked, id=2648, stack(0x000000861a500000,0x000000861a600000) (1024K)]
  0x000001c7df1801e0 JavaThread "Reference Handler"          daemon [_thread_blocked, id=20936, stack(0x000000861a900000,0x000000861aa00000) (1024K)]
  0x000001c7df1875d0 JavaThread "Finalizer"                  daemon [_thread_blocked, id=20592, stack(0x000000861aa00000,0x000000861ab00000) (1024K)]
  0x000001c7df189c50 JavaThread "Signal Dispatcher"          daemon [_thread_blocked, id=23176, stack(0x000000861ab00000,0x000000861ac00000) (1024K)]
  0x000001c7df18ca20 JavaThread "Attach Listener"            daemon [_thread_blocked, id=5964, stack(0x000000861ac00000,0x000000861ad00000) (1024K)]
  0x000001c7df18d480 JavaThread "Service Thread"             daemon [_thread_blocked, id=19020, stack(0x000000861ad00000,0x000000861ae00000) (1024K)]
  0x000001c7df18dee0 JavaThread "Monitor Deflation Thread"   daemon [_thread_blocked, id=18228, stack(0x000000861ae00000,0x000000861af00000) (1024K)]
=>0x000001c7df191030 JavaThread "C2 CompilerThread0"         daemon [_thread_in_native, id=25588, stack(0x000000861af00000,0x000000861b000000) (1024K)]
  0x000001c7f6e58840 JavaThread "C1 CompilerThread0"         daemon [_thread_in_native, id=10552, stack(0x000000861b000000,0x000000861b100000) (1024K)]
  0x000001c7f6ff0f40 JavaThread "Common-Cleaner"             daemon [_thread_blocked, id=8508, stack(0x000000861b100000,0x000000861b200000) (1024K)]
  0x000001c7f712ac30 JavaThread "Notification Thread"        daemon [_thread_blocked, id=19528, stack(0x000000861b300000,0x000000861b400000) (1024K)]
  0x000001c7fcb96a60 JavaThread "Active Thread: Equinox Container: 2120d1d8-356d-4470-8ec8-07ad8b798eed"        [_thread_blocked, id=7136, stack(0x000000861bb00000,0x000000861bc00000) (1024K)]
  0x000001c7fc72e930 JavaThread "Refresh Thread: Equinox Container: 2120d1d8-356d-4470-8ec8-07ad8b798eed" daemon [_thread_blocked, id=23516, stack(0x000000861bd00000,0x000000861be00000) (1024K)]
  0x000001c7fc53b400 JavaThread "Framework Event Dispatcher: Equinox Container: 2120d1d8-356d-4470-8ec8-07ad8b798eed" daemon [_thread_blocked, id=22416, stack(0x000000861be00000,0x000000861bf00000) (1024K)]
  0x000001c7fc534850 JavaThread "Start Level: Equinox Container: 2120d1d8-356d-4470-8ec8-07ad8b798eed" daemon [_thread_in_Java, id=4896, stack(0x000000861bf00000,0x000000861c000000) (1024K)]
  0x000001c7fcff22d0 JavaThread "Bundle File Closer"         daemon [_thread_blocked, id=18256, stack(0x000000861c100000,0x000000861c200000) (1024K)]
  0x000001c7fd0d16b0 JavaThread "SCR Component Actor"        daemon [_thread_blocked, id=21740, stack(0x000000861b200000,0x000000861b300000) (1024K)]
  0x000001c7fc82e970 JavaThread "Worker-JM"                         [_thread_blocked, id=7124, stack(0x000000861c400000,0x000000861c500000) (1024K)]
  0x000001c7fcd5e4f0 JavaThread "JNA Cleaner"                daemon [_thread_blocked, id=19076, stack(0x000000861c500000,0x000000861c600000) (1024K)]
  0x000001c7fcd5de60 JavaThread "Worker-0: Checking project encoding"        [_thread_blocked, id=10708, stack(0x000000861c600000,0x000000861c700000) (1024K)]
  0x000001c7fcd5cab0 JavaThread "Worker-1"                          [_thread_blocked, id=9492, stack(0x000000861c700000,0x000000861c800000) (1024K)]
Total: 21

Other Threads:
  0x000001c7df17f760 VMThread "VM Thread"                           [id=2120, stack(0x000000861a800000,0x000000861a900000) (1024K)]
  0x000001c7df14df00 WatcherThread "VM Periodic Task Thread"        [id=22420, stack(0x000000861a700000,0x000000861a800000) (1024K)]
  0x000001c7df0fe940 WorkerThread "GC Thread#0"                     [id=21360, stack(0x000000861a600000,0x000000861a700000) (1024K)]
  0x000001c7fc665ca0 WorkerThread "GC Thread#1"                     [id=25084, stack(0x000000861b500000,0x000000861b600000) (1024K)]
  0x000001c7fc666050 WorkerThread "GC Thread#2"                     [id=24764, stack(0x000000861b600000,0x000000861b700000) (1024K)]
  0x000001c7fc666400 WorkerThread "GC Thread#3"                     [id=13940, stack(0x000000861b700000,0x000000861b800000) (1024K)]
  0x000001c7fc7c4f80 WorkerThread "GC Thread#4"                     [id=10588, stack(0x000000861b800000,0x000000861b900000) (1024K)]
  0x000001c7fc7c5330 WorkerThread "GC Thread#5"                     [id=17172, stack(0x000000861b900000,0x000000861ba00000) (1024K)]
  0x000001c7fc4e0690 WorkerThread "GC Thread#6"                     [id=23480, stack(0x000000861ba00000,0x000000861bb00000) (1024K)]
  0x000001c7fcbb86a0 WorkerThread "GC Thread#7"                     [id=14536, stack(0x000000861bc00000,0x000000861bd00000) (1024K)]
  0x000001c7fd064af0 WorkerThread "GC Thread#8"                     [id=4556, stack(0x000000861b400000,0x000000861b500000) (1024K)]
  0x000001c7fcc48350 WorkerThread "GC Thread#9"                     [id=18372, stack(0x000000861c000000,0x000000861c100000) (1024K)]
Total: 12

Threads with active compile tasks:
C2 CompilerThread0  7550 3085       4       java.lang.invoke.MethodType::makeImpl (109 bytes)
C1 CompilerThread0  7550 3237       3       org.objectweb.asm.tree.LabelNode::accept (9 bytes)
Total: 2

VM state: not at safepoint (normal execution)

VM Mutex/Monitor currently owned by a thread: None

Heap address: 0x0000000080000000, size: 2048 MB, Compressed Oops mode: 32-bit

CDS archive(s) mapped at: [0x000001c780000000-0x000001c780ba0000-0x000001c780ba0000), size 12189696, SharedBaseAddress: 0x000001c780000000, ArchiveRelocationMode: 1.
Compressed class space mapped at: 0x000001c781000000-0x000001c7c1000000, reserved size: 1073741824
Narrow klass base: 0x000001c780000000, Narrow klass shift: 0, Narrow klass range: 0x100000000

GC Precious Log:
 CardTable entry size: 512
 CPUs: 12 total, 12 available
 Memory: 16105M
 Large Page Support: Disabled
 NUMA Support: Disabled
 Compressed Oops: Enabled (32-bit)
 Alignments: Space 512K, Generation 512K, Heap 2M
 Heap Min Capacity: 100M
 Heap Initial Capacity: 100M
 Heap Max Capacity: 2G
 Pre-touch: Disabled
 Parallel Workers: 10

Heap:
 PSYoungGen      total 29184K, used 19575K [0x00000000d5580000, 0x00000000d7a00000, 0x0000000100000000)
  eden space 25088K, 61% used [0x00000000d5580000,0x00000000d649e0a8,0x00000000d6e00000)
  from space 4096K, 99% used [0x00000000d6e80000,0x00000000d727fc18,0x00000000d7280000)
  to   space 6144K, 0% used [0x00000000d7400000,0x00000000d7400000,0x00000000d7a00000)
 ParOldGen       total 68608K, used 8154K [0x0000000080000000, 0x0000000084300000, 0x00000000d5580000)
  object space 68608K, 11% used [0x0000000080000000,0x00000000807f6950,0x0000000084300000)
 Metaspace       used 17968K, committed 18624K, reserved 1114112K
  class space    used 1893K, committed 2176K, reserved 1048576K

Card table byte_map: [0x000001c7dea80000,0x000001c7dee90000] _byte_map_base: 0x000001c7de680000

Marking Bits: (ParMarkBitMap*) 0x00007ffe060c4460
 Begin Bits: [0x000001c7f1590000, 0x000001c7f3590000)
 End Bits:   [0x000001c7f3590000, 0x000001c7f5590000)

Polling page: 0x000001c7dce90000

Metaspace:

Usage:
  Non-class:     15.70 MB used.
      Class:      1.85 MB used.
       Both:     17.55 MB used.

Virtual space:
  Non-class space:       64.00 MB reserved,      16.06 MB ( 25%) committed,  1 nodes.
      Class space:        1.00 GB reserved,       2.12 MB ( <1%) committed,  1 nodes.
             Both:        1.06 GB reserved,      18.19 MB (  2%) committed. 

Chunk freelists:
   Non-Class:  15.95 MB
       Class:  13.71 MB
        Both:  29.66 MB

MaxMetaspaceSize: unlimited
CompressedClassSpaceSize: 1.00 GB
Initial GC threshold: 21.00 MB
Current GC threshold: 21.00 MB
CDS: on
 - commit_granule_bytes: 65536.
 - commit_granule_words: 8192.
 - virtual_space_node_default_size: 8388608.
 - enlarge_chunks_in_place: 1.
 - use_allocation_guard: 0.


Internal statistics:

num_allocs_failed_limit: 0.
num_arena_births: 558.
num_arena_deaths: 0.
num_vsnodes_births: 2.
num_vsnodes_deaths: 0.
num_space_committed: 291.
num_space_uncommitted: 0.
num_chunks_returned_to_freelist: 0.
num_chunks_taken_from_freelist: 1217.
num_chunk_merges: 0.
num_chunk_splits: 778.
num_chunks_enlarged: 509.
num_inconsistent_stats: 0.

CodeHeap 'non-profiled nmethods': size=120000Kb used=1429Kb max_used=1429Kb free=118571Kb
 bounds [0x000001c7e9db0000, 0x000001c7ea020000, 0x000001c7f12e0000]
CodeHeap 'profiled nmethods': size=120000Kb used=6432Kb max_used=6432Kb free=113567Kb
 bounds [0x000001c7e22e0000, 0x000001c7e2930000, 0x000001c7e9810000]
CodeHeap 'non-nmethods': size=5760Kb used=1288Kb max_used=1298Kb free=4471Kb
 bounds [0x000001c7e9810000, 0x000001c7e9a80000, 0x000001c7e9db0000]
CodeCache: size=245760Kb, used=9149Kb, max_used=9159Kb, free=236609Kb
 total_blobs=3790, nmethods=3236, adapters=460, full_count=0
Compilation: enabled, stopped_count=0, restarted_count=0

Compilation events (20 events):
Event: 6.507 Thread 0x000001c7f6e58840 3185       3       java.lang.invoke.LambdaFormBuffer::insertName (106 bytes)
Event: 6.507 Thread 0x000001c7f6e58840 nmethod 3185 0x000001c7e2903c90 code [0x000001c7e2903e60, 0x000001c7e2904088]
Event: 6.508 Thread 0x000001c7f6e58840 3188       3       jdk.internal.org.objectweb.asm.Type::getSort (19 bytes)
Event: 6.508 Thread 0x000001c7f6e58840 nmethod 3188 0x000001c7e2904190 code [0x000001c7e2904320, 0x000001c7e2904470]
Event: 6.508 Thread 0x000001c7f6e58840 3189       3       jdk.internal.org.objectweb.asm.FieldWriter::computeFieldInfoSize (86 bytes)
Event: 6.508 Thread 0x000001c7f6e58840 nmethod 3189 0x000001c7e2904510 code [0x000001c7e2904700, 0x000001c7e29049e0]
Event: 6.508 Thread 0x000001c7f6e58840 3193       3       jdk.internal.org.objectweb.asm.SymbolTable::putBootstrapMethods (56 bytes)
Event: 6.508 Thread 0x000001c7f6e58840 nmethod 3193 0x000001c7e2904b10 code [0x000001c7e2904d20, 0x000001c7e2905040]
Event: 6.508 Thread 0x000001c7f6e58840 3191       3       jdk.internal.org.objectweb.asm.FieldWriter::putFieldInfo (269 bytes)
Event: 6.509 Thread 0x000001c7f6e58840 nmethod 3191 0x000001c7e2905210 code [0x000001c7e29054a0, 0x000001c7e2905d90]
Event: 6.509 Thread 0x000001c7f6e58840 3192       3       jdk.internal.org.objectweb.asm.FieldWriter::visitEnd (1 bytes)
Event: 6.509 Thread 0x000001c7f6e58840 nmethod 3192 0x000001c7e2906110 code [0x000001c7e29062a0, 0x000001c7e29063a8]
Event: 6.509 Thread 0x000001c7f6e58840 3190       3       jdk.internal.org.objectweb.asm.SymbolTable::addConstant (330 bytes)
Event: 6.510 Thread 0x000001c7f6e58840 nmethod 3190 0x000001c7e2906410 code [0x000001c7e2906980, 0x000001c7e2909970]
Event: 6.515 Thread 0x000001c7f6e58840 3198       3       org.objectweb.asm.ClassReader::readUnsignedShort (26 bytes)
Event: 6.515 Thread 0x000001c7f6e58840 nmethod 3198 0x000001c7e290a390 code [0x000001c7e290a540, 0x000001c7e290a6b0]
Event: 6.521 Thread 0x000001c7f6e58840 3199   !   3       java.io.RandomAccessFile::length (24 bytes)
Event: 6.521 Thread 0x000001c7f6e58840 nmethod 3199 0x000001c7e290a790 code [0x000001c7e290a960, 0x000001c7e290ab78]
Event: 7.312 Thread 0x000001c7f6e58840 3200       3       java.lang.Thread::isVirtual (5 bytes)
Event: 7.312 Thread 0x000001c7f6e58840 nmethod 3200 0x000001c7e290ac90 code [0x000001c7e290ae40, 0x000001c7e290b048]

GC Heap History (10 events):
Event: 0.749 GC heap before
{Heap before GC invocations=1 (full 0):
 PSYoungGen      total 29696K, used 25600K [0x00000000d5580000, 0x00000000d7680000, 0x0000000100000000)
  eden space 25600K, 100% used [0x00000000d5580000,0x00000000d6e80000,0x00000000d6e80000)
  from space 4096K, 0% used [0x00000000d7280000,0x00000000d7280000,0x00000000d7680000)
  to   space 4096K, 0% used [0x00000000d6e80000,0x00000000d6e80000,0x00000000d7280000)
 ParOldGen       total 68608K, used 0K [0x0000000080000000, 0x0000000084300000, 0x00000000d5580000)
  object space 68608K, 0% used [0x0000000080000000,0x0000000080000000,0x0000000084300000)
 Metaspace       used 4368K, committed 4608K, reserved 1114112K
  class space    used 476K, committed 576K, reserved 1048576K
}
Event: 0.755 GC heap after
{Heap after GC invocations=1 (full 0):
 PSYoungGen      total 29696K, used 3312K [0x00000000d5580000, 0x00000000d7680000, 0x0000000100000000)
  eden space 25600K, 0% used [0x00000000d5580000,0x00000000d5580000,0x00000000d6e80000)
  from space 4096K, 80% used [0x00000000d6e80000,0x00000000d71bc148,0x00000000d7280000)
  to   space 4096K, 0% used [0x00000000d7280000,0x00000000d7280000,0x00000000d7680000)
 ParOldGen       total 68608K, used 16K [0x0000000080000000, 0x0000000084300000, 0x00000000d5580000)
  object space 68608K, 0% used [0x0000000080000000,0x0000000080004000,0x0000000084300000)
 Metaspace       used 4368K, committed 4608K, reserved 1114112K
  class space    used 476K, committed 576K, reserved 1048576K
}
Event: 1.211 GC heap before
{Heap before GC invocations=2 (full 0):
 PSYoungGen      total 29696K, used 28912K [0x00000000d5580000, 0x00000000d7680000, 0x0000000100000000)
  eden space 25600K, 100% used [0x00000000d5580000,0x00000000d6e80000,0x00000000d6e80000)
  from space 4096K, 80% used [0x00000000d6e80000,0x00000000d71bc148,0x00000000d7280000)
  to   space 4096K, 0% used [0x00000000d7280000,0x00000000d7280000,0x00000000d7680000)
 ParOldGen       total 68608K, used 16K [0x0000000080000000, 0x0000000084300000, 0x00000000d5580000)
  object space 68608K, 0% used [0x0000000080000000,0x0000000080004000,0x0000000084300000)
 Metaspace       used 8039K, committed 8320K, reserved 1114112K
  class space    used 841K, committed 960K, reserved 1048576K
}
Event: 1.216 GC heap after
{Heap after GC invocations=2 (full 0):
 PSYoungGen      total 29696K, used 4070K [0x00000000d5580000, 0x00000000d7680000, 0x0000000100000000)
  eden space 25600K, 0% used [0x00000000d5580000,0x00000000d5580000,0x00000000d6e80000)
  from space 4096K, 99% used [0x00000000d7280000,0x00000000d7679800,0x00000000d7680000)
  to   space 4096K, 0% used [0x00000000d6e80000,0x00000000d6e80000,0x00000000d7280000)
 ParOldGen       total 68608K, used 1982K [0x0000000080000000, 0x0000000084300000, 0x00000000d5580000)
  object space 68608K, 2% used [0x0000000080000000,0x00000000801efb30,0x0000000084300000)
 Metaspace       used 8039K, committed 8320K, reserved 1114112K
  class space    used 841K, committed 960K, reserved 1048576K
}
Event: 2.522 GC heap before
{Heap before GC invocations=3 (full 0):
 PSYoungGen      total 29696K, used 29464K [0x00000000d5580000, 0x00000000d7680000, 0x0000000100000000)
  eden space 25600K, 99% used [0x00000000d5580000,0x00000000d6e4c840,0x00000000d6e80000)
  from space 4096K, 99% used [0x00000000d7280000,0x00000000d7679800,0x00000000d7680000)
  to   space 4096K, 0% used [0x00000000d6e80000,0x00000000d6e80000,0x00000000d7280000)
 ParOldGen       total 68608K, used 1982K [0x0000000080000000, 0x0000000084300000, 0x00000000d5580000)
  object space 68608K, 2% used [0x0000000080000000,0x00000000801efb30,0x0000000084300000)
 Metaspace       used 9453K, committed 9792K, reserved 1114112K
  class space    used 1009K, committed 1152K, reserved 1048576K
}
Event: 2.526 GC heap after
{Heap after GC invocations=3 (full 0):
 PSYoungGen      total 29696K, used 4082K [0x00000000d5580000, 0x00000000d7680000, 0x0000000100000000)
  eden space 25600K, 0% used [0x00000000d5580000,0x00000000d5580000,0x00000000d6e80000)
  from space 4096K, 99% used [0x00000000d6e80000,0x00000000d727caa8,0x00000000d7280000)
  to   space 4096K, 0% used [0x00000000d7280000,0x00000000d7280000,0x00000000d7680000)
 ParOldGen       total 68608K, used 5048K [0x0000000080000000, 0x0000000084300000, 0x00000000d5580000)
  object space 68608K, 7% used [0x0000000080000000,0x00000000804ee368,0x0000000084300000)
 Metaspace       used 9453K, committed 9792K, reserved 1114112K
  class space    used 1009K, committed 1152K, reserved 1048576K
}
Event: 6.048 GC heap before
{Heap before GC invocations=4 (full 0):
 PSYoungGen      total 29696K, used 29682K [0x00000000d5580000, 0x00000000d7680000, 0x0000000100000000)
  eden space 25600K, 100% used [0x00000000d5580000,0x00000000d6e80000,0x00000000d6e80000)
  from space 4096K, 99% used [0x00000000d6e80000,0x00000000d727caa8,0x00000000d7280000)
  to   space 4096K, 0% used [0x00000000d7280000,0x00000000d7280000,0x00000000d7680000)
 ParOldGen       total 68608K, used 5048K [0x0000000080000000, 0x0000000084300000, 0x00000000d5580000)
  object space 68608K, 7% used [0x0000000080000000,0x00000000804ee368,0x0000000084300000)
 Metaspace       used 11708K, committed 12096K, reserved 1114112K
  class space    used 1245K, committed 1408K, reserved 1048576K
}
Event: 6.051 GC heap after
{Heap after GC invocations=4 (full 0):
 PSYoungGen      total 29696K, used 4068K [0x00000000d5580000, 0x00000000d7680000, 0x0000000100000000)
  eden space 25600K, 0% used [0x00000000d5580000,0x00000000d5580000,0x00000000d6e80000)
  from space 4096K, 99% used [0x00000000d7280000,0x00000000d7679140,0x00000000d7680000)
  to   space 4096K, 0% used [0x00000000d6e80000,0x00000000d6e80000,0x00000000d7280000)
 ParOldGen       total 68608K, used 6626K [0x0000000080000000, 0x0000000084300000, 0x00000000d5580000)
  object space 68608K, 9% used [0x0000000080000000,0x0000000080678810,0x0000000084300000)
 Metaspace       used 11708K, committed 12096K, reserved 1114112K
  class space    used 1245K, committed 1408K, reserved 1048576K
}
Event: 6.346 GC heap before
{Heap before GC invocations=5 (full 0):
 PSYoungGen      total 29696K, used 29668K [0x00000000d5580000, 0x00000000d7680000, 0x0000000100000000)
  eden space 25600K, 100% used [0x00000000d5580000,0x00000000d6e80000,0x00000000d6e80000)
  from space 4096K, 99% used [0x00000000d7280000,0x00000000d7679140,0x00000000d7680000)
  to   space 4096K, 0% used [0x00000000d6e80000,0x00000000d6e80000,0x00000000d7280000)
 ParOldGen       total 68608K, used 6626K [0x0000000080000000, 0x0000000084300000, 0x00000000d5580000)
  object space 68608K, 9% used [0x0000000080000000,0x0000000080678810,0x0000000084300000)
 Metaspace       used 15643K, committed 16320K, reserved 1114112K
  class space    used 1631K, committed 1920K, reserved 1048576K
}
Event: 6.348 GC heap after
{Heap after GC invocations=5 (full 0):
 PSYoungGen      total 29184K, used 4095K [0x00000000d5580000, 0x00000000d7a00000, 0x0000000100000000)
  eden space 25088K, 0% used [0x00000000d5580000,0x00000000d5580000,0x00000000d6e00000)
  from space 4096K, 99% used [0x00000000d6e80000,0x00000000d727fc18,0x00000000d7280000)
  to   space 6144K, 0% used [0x00000000d7400000,0x00000000d7400000,0x00000000d7a00000)
 ParOldGen       total 68608K, used 8154K [0x0000000080000000, 0x0000000084300000, 0x00000000d5580000)
  object space 68608K, 11% used [0x0000000080000000,0x00000000807f6950,0x0000000084300000)
 Metaspace       used 15643K, committed 16320K, reserved 1114112K
  class space    used 1631K, committed 1920K, reserved 1048576K
}

Dll operation events (10 events):
Event: 0.033 Loaded shared library c:\Users\Admin\.antigravity\extensions\redhat.java-1.55.0-win32-x64\jre\21.0.11-win32-x86_64\bin\java.dll
Event: 0.075 Loaded shared library c:\Users\Admin\.antigravity\extensions\redhat.java-1.55.0-win32-x64\jre\21.0.11-win32-x86_64\bin\zip.dll
Event: 0.152 Loaded shared library C:\Users\Admin\.antigravity\extensions\redhat.java-1.55.0-win32-x64\jre\21.0.11-win32-x86_64\bin\instrument.dll
Event: 0.157 Loaded shared library C:\Users\Admin\.antigravity\extensions\redhat.java-1.55.0-win32-x64\jre\21.0.11-win32-x86_64\bin\net.dll
Event: 0.159 Loaded shared library C:\Users\Admin\.antigravity\extensions\redhat.java-1.55.0-win32-x64\jre\21.0.11-win32-x86_64\bin\nio.dll
Event: 0.162 Loaded shared library C:\Users\Admin\.antigravity\extensions\redhat.java-1.55.0-win32-x64\jre\21.0.11-win32-x86_64\bin\zip.dll
Event: 0.179 Loaded shared library C:\Users\Admin\.antigravity\extensions\redhat.java-1.55.0-win32-x64\jre\21.0.11-win32-x86_64\bin\jimage.dll
Event: 0.250 Loaded shared library c:\Users\Admin\.antigravity\extensions\redhat.java-1.55.0-win32-x64\jre\21.0.11-win32-x86_64\bin\verify.dll
Event: 1.223 Loaded shared library C:\Users\Admin\AppData\Roaming\Antigravity\User\globalStorage\redhat.java\1.55.0\config_win\org.eclipse.equinox.launcher\org.eclipse.equinox.launcher.win32.win32.x86_64_1.3.100.v20260613-0559\eclipse_11924.dll
Event: 6.441 Loaded shared library C:\Users\Admin\AppData\Local\Temp\jna-63116079\jna2127497709333122087.dll

Deoptimization events (20 events):
Event: 6.372 Thread 0x000001c7fc534850 Uncommon trap: trap_request=0xffffff45 fr.pc=0x000001c7e9de81a8 relative=0x0000000000000688
Event: 6.372 Thread 0x000001c7fc534850 Uncommon trap: reason=unstable_if action=reinterpret pc=0x000001c7e9de81a8 method=java.lang.String.replace(Ljava/lang/CharSequence;Ljava/lang/CharSequence;)Ljava/lang/String; @ 42 c2
Event: 6.372 Thread 0x000001c7fc534850 DEOPT PACKING pc=0x000001c7e9de81a8 sp=0x000000861bff7510
Event: 6.372 Thread 0x000001c7fc534850 DEOPT UNPACKING pc=0x000001c7e9866da2 sp=0x000000861bff7490 mode 2
Event: 6.459 Thread 0x000001c7fc534850 Uncommon trap: trap_request=0xffffffde fr.pc=0x000001c7e9efc8f0 relative=0x0000000000000050
Event: 6.459 Thread 0x000001c7fc534850 Uncommon trap: reason=class_check action=maybe_recompile pc=0x000001c7e9efc8f0 method=java.lang.invoke.DirectMethodHandle.internalMemberName(Ljava/lang/Object;)Ljava/lang/Object; @ 1 c2
Event: 6.459 Thread 0x000001c7fc534850 DEOPT PACKING pc=0x000001c7e9efc8f0 sp=0x000000861bff3bb0
Event: 6.459 Thread 0x000001c7fc534850 DEOPT UNPACKING pc=0x000001c7e9866da2 sp=0x000000861bff3b40 mode 2
Event: 6.461 Thread 0x000001c7fc534850 Uncommon trap: trap_request=0xffffffc6 fr.pc=0x000001c7e9e69134 relative=0x0000000000000b54
Event: 6.461 Thread 0x000001c7fc534850 Uncommon trap: reason=bimorphic_or_optimized_type_check action=maybe_recompile pc=0x000001c7e9e69134 method=java.util.HashMap.putVal(ILjava/lang/Object;Ljava/lang/Object;ZZ)Ljava/lang/Object; @ 91 c2
Event: 6.461 Thread 0x000001c7fc534850 DEOPT PACKING pc=0x000001c7e9e69134 sp=0x000000861bff7bc0
Event: 6.461 Thread 0x000001c7fc534850 DEOPT UNPACKING pc=0x000001c7e9866da2 sp=0x000000861bff7ae8 mode 2
Event: 6.491 Thread 0x000001c7fcd5de60 Uncommon trap: trap_request=0xffffff45 fr.pc=0x000001c7e9ea2460 relative=0x00000000000000c0
Event: 6.491 Thread 0x000001c7fcd5de60 Uncommon trap: reason=unstable_if action=reinterpret pc=0x000001c7e9ea2460 method=java.util.concurrent.locks.ReentrantLock$NonfairSync.initialTryLock()Z @ 25 c2
Event: 6.491 Thread 0x000001c7fcd5de60 DEOPT PACKING pc=0x000001c7e9ea2460 sp=0x000000861c6fdf30
Event: 6.491 Thread 0x000001c7fcd5de60 DEOPT UNPACKING pc=0x000001c7e9866da2 sp=0x000000861c6fdeb0 mode 2
Event: 6.510 Thread 0x000001c7fc534850 Uncommon trap: trap_request=0xffffff45 fr.pc=0x000001c7e9ed1b10 relative=0x0000000000000070
Event: 6.510 Thread 0x000001c7fc534850 Uncommon trap: reason=unstable_if action=reinterpret pc=0x000001c7e9ed1b10 method=java.lang.ref.ReferenceQueue.poll()Ljava/lang/ref/Reference; @ 4 c2
Event: 6.510 Thread 0x000001c7fc534850 DEOPT PACKING pc=0x000001c7e9ed1b10 sp=0x000000861bff2de0
Event: 6.510 Thread 0x000001c7fc534850 DEOPT UNPACKING pc=0x000001c7e9866da2 sp=0x000000861bff2d68 mode 2

Classes loaded (20 events):
Event: 6.456 Loading class java/io/PrintWriter
Event: 6.456 Loading class java/io/PrintWriter done
Event: 6.458 Loading class java/util/stream/SliceOps
Event: 6.458 Loading class java/util/stream/SliceOps done
Event: 6.458 Loading class java/util/stream/SliceOps$1
Event: 6.458 Loading class java/util/stream/SliceOps$1 done
Event: 6.459 Loading class java/util/stream/SliceOps$1$1
Event: 6.459 Loading class java/util/stream/SliceOps$1$1 done
Event: 6.460 Loading class jdk/internal/reflect/MethodHandleShortFieldAccessorImpl
Event: 6.460 Loading class jdk/internal/reflect/MethodHandleShortFieldAccessorImpl done
Event: 6.460 Loading class java/lang/Short$ShortCache
Event: 6.460 Loading class java/lang/Short$ShortCache done
Event: 6.474 Loading class java/util/function/LongUnaryOperator
Event: 6.474 Loading class java/util/function/LongUnaryOperator done
Event: 6.474 Loading class java/lang/ThreadDeath
Event: 6.474 Loading class java/lang/ThreadDeath done
Event: 6.480 Loading class java/util/stream/SortedOps$SizedRefSortingSink
Event: 6.480 Loading class java/util/stream/SortedOps$SizedRefSortingSink done
Event: 6.498 Loading class java/util/concurrent/atomic/Striped64$1
Event: 6.498 Loading class java/util/concurrent/atomic/Striped64$1 done

Classes unloaded (0 events):
No events

Classes redefined (0 events):
No events

Internal exceptions (20 events):
Event: 6.353 Thread 0x000001c7fc534850 Exception <a 'java/lang/NoSuchMethodError'{0x00000000d5610380}: 'java.lang.Object java.lang.invoke.DirectMethodHandle$Holder.invokeStaticInit(java.lang.Object, int)'> (0x00000000d5610380) 
thrown [s\src\hotspot\share\interpreter\linkResolver.cpp, line 773]
Event: 6.374 Thread 0x000001c7fc534850 Exception <a 'java/lang/NoSuchMethodError'{0x00000000d58a5c68}: 'java.lang.Object java.lang.invoke.DirectMethodHandle$Holder.invokeStaticInit(java.lang.Object, int, int, int, int)'> (0x00000000d58a5c68) 
thrown [s\src\hotspot\share\interpreter\linkResolver.cpp, line 773]
Event: 6.396 Thread 0x000001c7fc534850 Exception <a 'java/lang/NoSuchMethodError'{0x00000000d59ab2d8}: 'java.lang.Object java.lang.invoke.DirectMethodHandle$Holder.invokeStaticInit(java.lang.Object, java.lang.Object, int, int, int, int)'> (0x00000000d59ab2d8) 
thrown [s\src\hotspot\share\interpreter\linkResolver.cpp, line 773]
Event: 6.451 Thread 0x000001c7fc534850 Exception <a 'java/lang/NoSuchMethodError'{0x00000000d5af2d48}: 'void java.lang.invoke.DirectMethodHandle$Holder.invokeSpecial(java.lang.Object, java.lang.Object, java.lang.Object, int)'> (0x00000000d5af2d48) 
thrown [s\src\hotspot\share\interpreter\linkResolver.cpp, line 773]
Event: 6.451 Thread 0x000001c7fc534850 Exception <a 'java/lang/NoSuchMethodError'{0x00000000d5af66d8}: 'void java.lang.invoke.DelegatingMethodHandle$Holder.reinvoke_L(java.lang.Object, java.lang.Object, int)'> (0x00000000d5af66d8) 
thrown [s\src\hotspot\share\interpreter\linkResolver.cpp, line 773]
Event: 6.451 Thread 0x000001c7fc534850 Exception <a 'java/lang/NoSuchMethodError'{0x00000000d5afd3c0}: 'int java.lang.invoke.Invokers$Holder.invokeExact_MT(java.lang.Object, java.lang.Object, java.lang.Object)'> (0x00000000d5afd3c0) 
thrown [s\src\hotspot\share\interpreter\linkResolver.cpp, line 773]
Event: 6.458 Thread 0x000001c7fc534850 Exception <a 'java/lang/NoSuchMethodError'{0x00000000d5bdaf08}: method resolution failed> (0x00000000d5bdaf08) 
thrown [s\src\hotspot\share\prims\methodHandles.cpp, line 1136]
Event: 6.461 Thread 0x000001c7fc534850 Exception <a 'java/lang/NoSuchMethodError'{0x00000000d5c36950}: 'void java.lang.invoke.Invokers$Holder.invokeExact_MT(java.lang.Object, java.lang.Object, int, java.lang.Object)'> (0x00000000d5c36950) 
thrown [s\src\hotspot\share\interpreter\linkResolver.cpp, line 773]
Event: 6.473 Thread 0x000001c7fc534850 Exception <a 'java/lang/NoSuchMethodError'{0x00000000d5d55950}: 'java.lang.Object java.lang.invoke.DirectMethodHandle$Holder.invokeSpecial(java.lang.Object, java.lang.Object, java.lang.Object, long, java.lang.Object)'> (0x00000000d5d55950) 
thrown [s\src\hotspot\share\interpreter\linkResolver.cpp, line 773]
Event: 6.473 Thread 0x000001c7fc534850 Exception <a 'java/lang/NoSuchMethodError'{0x00000000d5d5d198}: 'java.lang.Object java.lang.invoke.DirectMethodHandle$Holder.newInvokeSpecial(java.lang.Object, java.lang.Object, java.lang.Object, long)'> (0x00000000d5d5d198) 
thrown [s\src\hotspot\share\interpreter\linkResolver.cpp, line 773]
Event: 6.473 Thread 0x000001c7fc534850 Exception <a 'java/lang/NoSuchMethodError'{0x00000000d5d61548}: 'java.lang.Object java.lang.invoke.DirectMethodHandle$Holder.invokeSpecial(java.lang.Object, java.lang.Object, java.lang.Object, java.lang.Object, long)'> (0x00000000d5d61548) 
thrown [s\src\hotspot\share\interpreter\linkResolver.cpp, line 773]
Event: 6.474 Thread 0x000001c7fc534850 Exception <a 'java/lang/NoSuchMethodError'{0x00000000d5d65168}: 'java.lang.Object java.lang.invoke.Invokers$Holder.linkToTargetMethod(java.lang.Object, java.lang.Object, long, java.lang.Object)'> (0x00000000d5d65168) 
thrown [s\src\hotspot\share\interpreter\linkResolver.cpp, line 773]
Event: 6.479 Thread 0x000001c7fc534850 Exception <a 'java/lang/NoSuchMethodError'{0x00000000d5de07b0}: 'int java.lang.invoke.DirectMethodHandle$Holder.invokeStaticInit(java.lang.Object, java.lang.Object, java.lang.Object)'> (0x00000000d5de07b0) 
thrown [s\src\hotspot\share\interpreter\linkResolver.cpp, line 773]
Event: 6.485 Thread 0x000001c7fc534850 Exception <a 'java/lang/IncompatibleClassChangeError'{0x00000000d5e8c718}: Found class java.lang.Object, but interface was expected> (0x00000000d5e8c718) 
thrown [s\src\hotspot\share\interpreter\linkResolver.cpp, line 840]
Event: 6.489 Thread 0x000001c7fc534850 Exception <a 'java/lang/NoSuchMethodError'{0x00000000d5eaca40}: 'java.lang.Object java.lang.invoke.DirectMethodHandle$Holder.invokeSpecial(java.lang.Object, java.lang.Object, java.lang.Object, int, java.lang.Object, java.lang.Object)'> (0x00000000d5eaca40) 
thrown [s\src\hotspot\share\interpreter\linkResolver.cpp, line 773]
Event: 6.490 Thread 0x000001c7fc534850 Exception <a 'java/lang/NoSuchMethodError'{0x00000000d5eb4458}: 'java.lang.Object java.lang.invoke.DirectMethodHandle$Holder.newInvokeSpecial(java.lang.Object, java.lang.Object, java.lang.Object, int, java.lang.Object)'> (0x00000000d5eb4458) 
thrown [s\src\hotspot\share\interpreter\linkResolver.cpp, line 773]
Event: 6.490 Thread 0x000001c7fc534850 Exception <a 'java/lang/NoSuchMethodError'{0x00000000d5eb83d8}: 'java.lang.Object java.lang.invoke.DirectMethodHandle$Holder.invokeSpecial(java.lang.Object, java.lang.Object, java.lang.Object, java.lang.Object, int, java.lang.Object)'> (0x00000000d5eb83d8) 
thrown [s\src\hotspot\share\interpreter\linkResolver.cpp, line 773]
Event: 6.490 Thread 0x000001c7fc534850 Exception <a 'java/lang/NoSuchMethodError'{0x00000000d5ebbf18}: 'java.lang.Object java.lang.invoke.Invokers$Holder.linkToTargetMethod(java.lang.Object, java.lang.Object, int, java.lang.Object, java.lang.Object)'> (0x00000000d5ebbf18) 
thrown [s\src\hotspot\share\interpreter\linkResolver.cpp, line 773]
Event: 6.491 Thread 0x000001c7fcd5de60 Exception <a 'java/lang/NoSuchMethodError'{0x00000000d5d9e078}: 'java.lang.Object java.lang.invoke.DirectMethodHandle$Holder.invokeSpecial(java.lang.Object, java.lang.Object, int, java.lang.Object, java.lang.Object)'> (0x00000000d5d9e078) 
thrown [s\src\hotspot\share\interpreter\linkResolver.cpp, line 773]
Event: 6.500 Thread 0x000001c7fc534850 Exception <a 'java/lang/NoSuchMethodError'{0x00000000d5fc49a8}: 'void java.lang.invoke.DirectMethodHandle$Holder.invokeSpecial(java.lang.Object, java.lang.Object, java.lang.Object, java.lang.Object, java.lang.Object)'> (0x00000000d5fc49a8) 
thrown [s\src\hotspot\share\interpreter\linkResolver.cpp, line 773]

ZGC Phase Switch (0 events):
No events

VM Operations (20 events):
Event: 3.700 Executing non-safepoint VM operation: HandshakeAllThreads (Deoptimize) done
Event: 3.700 Executing safepoint VM operation: Cleanup
Event: 3.700 Executing safepoint VM operation: Cleanup done
Event: 4.700 Executing safepoint VM operation: Cleanup
Event: 4.939 Executing safepoint VM operation: Cleanup done
Event: 5.939 Executing safepoint VM operation: Cleanup
Event: 5.939 Executing safepoint VM operation: Cleanup done
Event: 6.033 Executing non-safepoint VM operation: HandshakeAllThreads (Deoptimize)
Event: 6.033 Executing non-safepoint VM operation: HandshakeAllThreads (Deoptimize) done
Event: 6.048 Executing safepoint VM operation: ParallelGCFailedAllocation (Allocation Failure)
Event: 6.051 Executing safepoint VM operation: ParallelGCFailedAllocation (Allocation Failure) done
Event: 6.282 Executing non-safepoint VM operation: HandshakeAllThreads (Deoptimize)
Event: 6.282 Executing non-safepoint VM operation: HandshakeAllThreads (Deoptimize) done
Event: 6.346 Executing safepoint VM operation: ParallelGCFailedAllocation (Allocation Failure)
Event: 6.348 Executing safepoint VM operation: ParallelGCFailedAllocation (Allocation Failure) done
Event: 6.388 Executing non-safepoint VM operation: HandshakeAllThreads (Deoptimize)
Event: 6.388 Executing non-safepoint VM operation: HandshakeAllThreads (Deoptimize) done
Event: 6.445 Executing non-safepoint VM operation: HandshakeAllThreads (Deoptimize)
Event: 6.445 Executing non-safepoint VM operation: HandshakeAllThreads (Deoptimize) done
Event: 7.445 Executing safepoint VM operation: Cleanup

Memory protections (0 events):
No events

Nmethod flushes (0 events):
No events

Events (20 events):
Event: 0.085 Thread 0x000001c7df0df110 Thread added: 0x000001c7f6e58840
Event: 0.153 Thread 0x000001c7df0df110 Thread added: 0x000001c7f6ff0f40
Event: 0.248 Thread 0x000001c7f6e58840 Thread added: 0x000001c7f708e690
Event: 0.342 Thread 0x000001c7df0df110 Thread added: 0x000001c7f712ac30
Event: 0.427 Thread 0x000001c7f6e58840 Thread added: 0x000001c7f71bb6b0
Event: 1.035 Thread 0x000001c7df0df110 Thread added: 0x000001c7fcb96a60
Event: 1.218 Thread 0x000001c7df0df110 Thread added: 0x000001c7fc72e930
Event: 1.252 Thread 0x000001c7fc72e930 Thread added: 0x000001c7fc53b400
Event: 1.255 Thread 0x000001c7df0df110 Thread added: 0x000001c7fc534850
Event: 2.486 Thread 0x000001c7f71bb6b0 Thread exited: 0x000001c7f71bb6b0
Event: 2.568 Thread 0x000001c7fc534850 Thread added: 0x000001c7fcff22d0
Event: 3.831 Thread 0x000001c7f708e690 Thread exited: 0x000001c7f708e690
Event: 5.981 Thread 0x000001c7fc534850 Thread added: 0x000001c7fd0d16b0
Event: 6.072 Thread 0x000001c7df191030 Thread added: 0x000001c7f6f5e710
Event: 6.072 Thread 0x000001c7df191030 Thread added: 0x000001c7fc3c3090
Event: 6.189 Thread 0x000001c7fc534850 Thread added: 0x000001c7fc82e970
Event: 6.455 Thread 0x000001c7fc534850 Thread added: 0x000001c7fcd5e4f0
Event: 6.475 Thread 0x000001c7fc534850 Thread added: 0x000001c7fcd5de60
Event: 6.491 Thread 0x000001c7fc534850 Thread added: 0x000001c7fcd5cab0
Event: 7.312 Thread 0x000001c7fc3c3090 Thread exited: 0x000001c7fc3c3090


Dynamic libraries:
0x00007ff721150000 - 0x00007ff72115e000 	c:\Users\Admin\.antigravity\extensions\redhat.java-1.55.0-win32-x64\jre\21.0.11-win32-x86_64\bin\java.exe
0x00007ffeb7be0000 - 0x00007ffeb7e46000 	C:\WINDOWS\SYSTEM32\ntdll.dll
0x00007ffeb6950000 - 0x00007ffeb6a19000 	C:\WINDOWS\System32\KERNEL32.DLL
0x00007ffeb5250000 - 0x00007ffeb564e000 	C:\WINDOWS\System32\KERNELBASE.dll
0x00007ffeb5000000 - 0x00007ffeb514c000 	C:\WINDOWS\System32\ucrtbase.dll
0x00007ffe78ca0000 - 0x00007ffe78cb8000 	c:\Users\Admin\.antigravity\extensions\redhat.java-1.55.0-win32-x64\jre\21.0.11-win32-x86_64\bin\jli.dll
0x00007ffeb6f60000 - 0x00007ffeb7127000 	C:\WINDOWS\System32\USER32.dll
0x00007ffeb5160000 - 0x00007ffeb5187000 	C:\WINDOWS\System32\win32u.dll
0x00007ffeb6820000 - 0x00007ffeb684b000 	C:\WINDOWS\System32\GDI32.dll
0x00007ffeb5660000 - 0x00007ffeb578a000 	C:\WINDOWS\System32\gdi32full.dll
0x00007ffeb4e00000 - 0x00007ffeb4ea3000 	C:\WINDOWS\System32\msvcp_win.dll
0x00007ffe81080000 - 0x00007ffe8109e000 	c:\Users\Admin\.antigravity\extensions\redhat.java-1.55.0-win32-x64\jre\21.0.11-win32-x86_64\bin\VCRUNTIME140.dll
0x00007ffe991a0000 - 0x00007ffe99432000 	C:\WINDOWS\WinSxS\amd64_microsoft.windows.common-controls_6595b64144ccf1df_6.0.26100.8875_none_3e0d5d42e32fe9dd\COMCTL32.dll
0x00007ffeb6eb0000 - 0x00007ffeb6f59000 	C:\WINDOWS\System32\msvcrt.dll
0x00007ffeb7910000 - 0x00007ffeb7942000 	C:\WINDOWS\System32\IMM32.DLL
0x00007ffea3330000 - 0x00007ffea333c000 	c:\Users\Admin\.antigravity\extensions\redhat.java-1.55.0-win32-x64\jre\21.0.11-win32-x86_64\bin\vcruntime140_1.dll
0x00007ffe62520000 - 0x00007ffe625ad000 	c:\Users\Admin\.antigravity\extensions\redhat.java-1.55.0-win32-x64\jre\21.0.11-win32-x86_64\bin\msvcp140.dll
0x00007ffe05400000 - 0x00007ffe061a2000 	c:\Users\Admin\.antigravity\extensions\redhat.java-1.55.0-win32-x64\jre\21.0.11-win32-x86_64\bin\server\jvm.dll
0x00007ffeb7850000 - 0x00007ffeb7907000 	C:\WINDOWS\System32\ADVAPI32.dll
0x00007ffeb7af0000 - 0x00007ffeb7b9a000 	C:\WINDOWS\System32\sechost.dll
0x00007ffeb6a20000 - 0x00007ffeb6b38000 	C:\WINDOWS\System32\RPCRT4.dll
0x00007ffeb60e0000 - 0x00007ffeb6160000 	C:\WINDOWS\System32\WS2_32.dll
0x00007ffeb3920000 - 0x00007ffeb397e000 	C:\WINDOWS\SYSTEM32\POWRPROF.dll
0x00007ffea9e60000 - 0x00007ffea9e96000 	C:\WINDOWS\SYSTEM32\WINMM.dll
0x00007ffeaafa0000 - 0x00007ffeaafab000 	C:\WINDOWS\SYSTEM32\VERSION.dll
0x00007ffeb3900000 - 0x00007ffeb3914000 	C:\WINDOWS\SYSTEM32\UMPDC.dll
0x00007ffeb3c00000 - 0x00007ffeb3c1b000 	C:\WINDOWS\SYSTEM32\kernel.appcore.dll
0x00007ffea32d0000 - 0x00007ffea32da000 	c:\Users\Admin\.antigravity\extensions\redhat.java-1.55.0-win32-x64\jre\21.0.11-win32-x86_64\bin\jimage.dll
0x00007ffeb1d30000 - 0x00007ffeb1f72000 	C:\WINDOWS\SYSTEM32\DBGHELP.DLL
0x00007ffeb61b0000 - 0x00007ffeb6533000 	C:\WINDOWS\System32\combase.dll
0x00007ffeb6dd0000 - 0x00007ffeb6ea9000 	C:\WINDOWS\System32\OLEAUT32.dll
0x00007ffe8cf80000 - 0x00007ffe8cfbb000 	C:\WINDOWS\SYSTEM32\dbgcore.DLL
0x00007ffeb4f40000 - 0x00007ffeb4fec000 	C:\WINDOWS\System32\bcryptPrimitives.dll
0x00007ffea25d0000 - 0x00007ffea25df000 	c:\Users\Admin\.antigravity\extensions\redhat.java-1.55.0-win32-x64\jre\21.0.11-win32-x86_64\bin\instrument.dll
0x00007ffea1120000 - 0x00007ffea1140000 	c:\Users\Admin\.antigravity\extensions\redhat.java-1.55.0-win32-x64\jre\21.0.11-win32-x86_64\bin\java.dll
0x00007ffeb5940000 - 0x00007ffeb60d2000 	C:\WINDOWS\System32\SHELL32.dll
0x00007ffeb2890000 - 0x00007ffeb3122000 	C:\WINDOWS\SYSTEM32\windows.storage.dll
0x00007ffeb6850000 - 0x00007ffeb6947000 	C:\WINDOWS\System32\SHCORE.dll
0x00007ffeb7790000 - 0x00007ffeb77f7000 	C:\WINDOWS\System32\shlwapi.dll
0x00007ffeb4d20000 - 0x00007ffeb4d49000 	C:\WINDOWS\SYSTEM32\profapi.dll
0x00007ffe786a0000 - 0x00007ffe786b8000 	c:\Users\Admin\.antigravity\extensions\redhat.java-1.55.0-win32-x64\jre\21.0.11-win32-x86_64\bin\zip.dll
0x00007ffea1200000 - 0x00007ffea1210000 	C:\Users\Admin\.antigravity\extensions\redhat.java-1.55.0-win32-x64\jre\21.0.11-win32-x86_64\bin\net.dll
0x00007ffeacac0000 - 0x00007ffeacbe7000 	C:\WINDOWS\SYSTEM32\WINHTTP.dll
0x00007ffeb41b0000 - 0x00007ffeb421c000 	C:\WINDOWS\system32\mswsock.dll
0x00007ffe786c0000 - 0x00007ffe786d6000 	C:\Users\Admin\.antigravity\extensions\redhat.java-1.55.0-win32-x64\jre\21.0.11-win32-x86_64\bin\nio.dll
0x00007ffe9a1c0000 - 0x00007ffe9a1d0000 	c:\Users\Admin\.antigravity\extensions\redhat.java-1.55.0-win32-x64\jre\21.0.11-win32-x86_64\bin\verify.dll
0x00007ffe606d0000 - 0x00007ffe60715000 	C:\Users\Admin\AppData\Roaming\Antigravity\User\globalStorage\redhat.java\1.55.0\config_win\org.eclipse.equinox.launcher\org.eclipse.equinox.launcher.win32.win32.x86_64_1.3.100.v20260613-0559\eclipse_11924.dll
0x00007ffeb7950000 - 0x00007ffeb7ae9000 	C:\WINDOWS\System32\ole32.dll
0x00007ffeb44b0000 - 0x00007ffeb44cb000 	C:\WINDOWS\SYSTEM32\CRYPTSP.dll
0x00007ffeb3b60000 - 0x00007ffeb3b99000 	C:\WINDOWS\system32\rsaenh.dll
0x00007ffeb4270000 - 0x00007ffeb42a2000 	C:\WINDOWS\SYSTEM32\USERENV.dll
0x00007ffeb4cf0000 - 0x00007ffeb4d1a000 	C:\WINDOWS\SYSTEM32\bcrypt.dll
0x00007ffeb44d0000 - 0x00007ffeb44dc000 	C:\WINDOWS\SYSTEM32\CRYPTBASE.dll
0x00007ffeb3540000 - 0x00007ffeb3573000 	C:\WINDOWS\SYSTEM32\IPHLPAPI.DLL
0x00007ffeb65a0000 - 0x00007ffeb65aa000 	C:\WINDOWS\System32\NSI.dll
0x00007ffe45240000 - 0x00007ffe45289000 	C:\Users\Admin\AppData\Local\Temp\jna-63116079\jna2127497709333122087.dll
0x00007ffeb61a0000 - 0x00007ffeb61a8000 	C:\WINDOWS\System32\PSAPI.DLL

JVMTI agents:
c:\Users\Admin\.antigravity\extensions\redhat.java-1.55.0-win32-x64\lombok\lombok-1.18.39-4050.jar path:c:\Users\Admin\.antigravity\extensions\redhat.java-1.55.0-win32-x64\jre\21.0.11-win32-x86_64\bin\instrument.dll, loaded, initialized, instrumentlib options:none

dbghelp: loaded successfully - version: 4.0.5 - missing functions: none
symbol engine: initialized successfully - sym options: 0x614 - pdb path: .;c:\Users\Admin\.antigravity\extensions\redhat.java-1.55.0-win32-x64\jre\21.0.11-win32-x86_64\bin;C:\WINDOWS\SYSTEM32;C:\WINDOWS\WinSxS\amd64_microsoft.windows.common-controls_6595b64144ccf1df_6.0.26100.8875_none_3e0d5d42e32fe9dd;c:\Users\Admin\.antigravity\extensions\redhat.java-1.55.0-win32-x64\jre\21.0.11-win32-x86_64\bin\server;C:\Users\Admin\AppData\Roaming\Antigravity\User\globalStorage\redhat.java\1.55.0\config_win\org.eclipse.equinox.launcher\org.eclipse.equinox.launcher.win32.win32.x86_64_1.3.100.v20260613-0559;C:\Users\Admin\AppData\Local\Temp\jna-63116079

VM Arguments:
jvm_args: --add-modules=ALL-SYSTEM --add-opens=java.base/java.util=ALL-UNNAMED --add-opens=java.base/java.lang=ALL-UNNAMED --add-opens=java.base/sun.nio.fs=ALL-UNNAMED -Declipse.application=org.eclipse.jdt.ls.core.id1 -Dosgi.bundles.defaultStartLevel=4 -Declipse.product=org.eclipse.jdt.ls.core.product -Djava.import.generatesMetadataFilesAtProjectRoot=false -DDetectVMInstallationsJob.disabled=true -Dfile.encoding=utf8 -XX:+UseParallelGC -XX:GCTimeRatio=4 -XX:AdaptiveSizePolicyWeight=90 -Dsun.zip.disableMemoryMapping=true -Xmx2G -Xms100m -Xlog:disable -javaagent:c:\Users\Admin\.antigravity\extensions\redhat.java-1.55.0-win32-x64\lombok\lombok-1.18.39-4050.jar -XX:+HeapDumpOnOutOfMemoryError -XX:HeapDumpPath=c:\Users\Admin\AppData\Roaming\Antigravity\User\workspaceStorage\a078f8295506c358ccbcd32556f50a8e\redhat.java -Daether.dependencyCollector.impl=bf 
java_command: c:\Users\Admin\.antigravity\extensions\redhat.java-1.55.0-win32-x64\server\plugins\org.eclipse.equinox.launcher_1.7.200.v20260619-2039.jar -configuration c:\Users\Admin\AppData\Roaming\Antigravity\User\globalStorage\redhat.java\1.55.0\config_win -data c:\Users\Admin\AppData\Roaming\Antigravity\User\workspaceStorage\a078f8295506c358ccbcd32556f50a8e\redhat.java\jdt_ws --pipe=\\.\pipe\lsp-39d06e781e771e2591197a4da9719a3d-sock
java_class_path (initial): c:\Users\Admin\.antigravity\extensions\redhat.java-1.55.0-win32-x64\server\plugins\org.eclipse.equinox.launcher_1.7.200.v20260619-2039.jar
Launcher Type: SUN_STANDARD

[Global flags]
    uintx AdaptiveSizePolicyWeight                 = 90                                        {product} {command line}
     intx CICompilerCount                          = 4                                         {product} {ergonomic}
    uintx GCTimeRatio                              = 4                                         {product} {command line}
     bool HeapDumpOnOutOfMemoryError               = true                                   {manageable} {command line}
    ccstr HeapDumpPath                             = c:\Users\Admin\AppData\Roaming\Antigravity\User\workspaceStorage\a078f8295506c358ccbcd32556f50a8e\redhat.java         {manageable} {command line}
   size_t InitialHeapSize                          = 104857600                                 {product} {command line}
   size_t MaxHeapSize                              = 2147483648                                {product} {command line}
   size_t MaxNewSize                               = 715653120                                 {product} {ergonomic}
   size_t MinHeapDeltaBytes                        = 524288                                    {product} {ergonomic}
   size_t MinHeapSize                              = 104857600                                 {product} {command line}
   size_t NewSize                                  = 34603008                                  {product} {ergonomic}
    uintx NonNMethodCodeHeapSize                   = 5839372                                {pd product} {ergonomic}
    uintx NonProfiledCodeHeapSize                  = 122909434                              {pd product} {ergonomic}
   size_t OldSize                                  = 70254592                                  {product} {ergonomic}
    uintx ProfiledCodeHeapSize                     = 122909434                              {pd product} {ergonomic}
    uintx ReservedCodeCacheSize                    = 251658240                              {pd product} {ergonomic}
     bool SegmentedCodeCache                       = true                                      {product} {ergonomic}
   size_t SoftMaxHeapSize                          = 2147483648                             {manageable} {ergonomic}
     bool UseCompressedOops                        = true                           {product lp64_product} {ergonomic}
     bool UseLargePagesIndividualAllocation        = false                                  {pd product} {ergonomic}
     bool UseParallelGC                            = true                                      {product} {command line}

Logging:
Log output configuration:
 #0: stdout all=off uptime,level,tags foldmultilines=false
 #1: stderr all=off uptime,level,tags foldmultilines=false

Release file:
JAVA_VERSION="21.0.11" 
MODULES="java.base java.compiler java.datatransfer java.xml java.prefs java.desktop java.instrument java.logging java.management java.security.sasl java.naming java.rmi java.management.rmi java.net.http java.scripting java.security.jgss java.transaction.xa java.sql java.sql.rowset java.xml.crypto java.se java.smartcardio jdk.accessibility jdk.internal.jvmstat jdk.attach jdk.charsets jdk.internal.opt jdk.zipfs jdk.compiler jdk.crypto.ec jdk.crypto.cryptoki jdk.crypto.mscapi jdk.dynalink jdk.internal.ed jdk.editpad jdk.hotspot.agent jdk.httpserver jdk.internal.le jdk.internal.vm.ci jdk.internal.vm.compiler jdk.internal.vm.compiler.management jdk.jartool jdk.javadoc jdk.jcmd jdk.management jdk.management.agent jdk.jconsole jdk.jdeps jdk.jdwp.agent jdk.jdi jdk.jfr jdk.jshell jdk.jsobject jdk.jstatd jdk.localedata jdk.management.jfr jdk.naming.dns jdk.naming.rmi jdk.net jdk.nio.mapmode jdk.random jdk.sctp jdk.security.auth jdk.security.jgss jdk.unsupported jdk.unsupported.desktop jdk.xml.dom" 

Environment Variables:
JAVA_HOME=C:\Program Files\Java\jdk-21.0.12
PATH=D:\linux\bin\;C:\Program Files\Java\jdk-23\bin;C:\Program Files (x86)\Common Files\Oracle\Java\javapath;C:\Windows\system32;C:\Windows;C:\Windows\System32\Wbem;C:\Windows\System32\WindowsPowerShell\v1.0\;C:\Windows\System32\OpenSSH\;C:\Program Files (x86)\NVIDIA Corporation\PhysX\Common;C:\Program Files\NVIDIA Corporation\NVIDIA NvDLISR;C:\WINDOWS\system32;C:\WINDOWS;C:\WINDOWS\System32\Wbem;C:\WINDOWS\System32\WindowsPowerShell\v1.0\;C:\WINDOWS\System32\OpenSSH\;C:\Program Files (x86)\ZeroTier\One\;C:\Program Files\Cloudflare\Cloudflare WARP\;C:\Program Files\Microsoft SQL Server\170\Tools\Binn\;C:\Program Files\Microsoft SQL Server\Client SDK\ODBC\170\Tools\Binn\;C:\Program Files\nodejs\;C:\Program Files (x86)\Microsoft SQL Server\170\Tools\Binn\;C:\Program Files\Microsoft SQL Server\Client SDK\ODBC\180\Tools\Binn\;C:\Program Files\Microsoft SQL Server\170\DTS\Binn\;C:\Program Files (x86)\Microsoft SQL Server\160\DTS\Binn\;C:\Program Files\dotnet\;C:\Program Files\Git\cmd;C:\Users\Admin\AppData\Local\Programs\Python\Python313\Scripts\;C:\Users\Admin\AppData\Local\Programs\Python\Python313\;C:\Users\Admin\AppData\Local\Programs\Python\Launcher\;C:\Program Files\PostgreSQL\14\bin;D:\Thý muòc mõìi\Microsoft VS Code\bin;C:\Users\Admin\AppData\Local\Programs\cursor\resources\app\bin;D:\Antigravity\bin;C:\Users\Admin\AppData\Roaming\npm;C:\Users\Admin\.dotnet\tools;C:\Users\Admin\AppData\Local\Microsoft\WindowsApps;C:\Users\Admin\AppData\Local\Programs\Antigravity IDE\bin;C:\Users\Admin\AppData\Local\GitHubDesktop\bin
USERNAME=Admin
OS=Windows_NT
PROCESSOR_IDENTIFIER=Intel64 Family 6 Model 141 Stepping 1, GenuineIntel
TMP=C:\Users\Admin\AppData\Local\Temp
TEMP=C:\Users\Admin\AppData\Local\Temp




Periodic native trim disabled

---------------  S Y S T E M  ---------------

OS:
 Windows 11 , 64 bit Build 26100 (10.0.26100.8875)
OS uptime: 0 days 1:43 hours
Hyper-V role detected

CPU: total 12 (initial active 12) (6 cores per cpu, 2 threads per core) family 6 model 141 stepping 1 microcode 0x50, cx8, cmov, fxsr, ht, mmx, 3dnowpref, sse, sse2, sse3, ssse3, sse4.1, sse4.2, popcnt, lzcnt, tsc, tscinvbit, avx, avx2, aes, erms, clmul, bmi1, bmi2, adx, avx512f, avx512dq, avx512cd, avx512bw, avx512vl, sha, fma, vzeroupper, avx512_vpopcntdq, avx512_vpclmulqdq, avx512_vaes, avx512_vnni, clflush, clflushopt, clwb, avx512_vbmi2, avx512_vbmi, hv, rdtscp, rdpid, fsrm, gfni, avx512_bitalg, f16c, cet_ibt, cet_ss, avx512_ifma
Processor Information for the first 12 processors :
  Max Mhz: 2688, Current Mhz: 2688, Mhz Limit: 2688

Memory: 4k page, system-wide physical 16105M (1434M free)
TotalPageFile size 20201M (AvailPageFile size 47M)
current process WorkingSet (physical memory assigned to process): 137M, peak: 137M
current process commit charge ("private bytes"): 281M, peak: 282M

vm_info: OpenJDK 64-Bit Server VM (21.0.11+10-LTS) for windows-amd64 JRE (21.0.11+10-LTS), built on 2026-04-21T00:00:00Z by "admin" with MS VC++ 17.12 (VS2022)

END.
