#
# There is insufficient memory for the Java Runtime Environment to continue.
# Native memory allocation (mmap) failed to map 65536 bytes. Error detail: Failed to commit metaspace.
# Possible reasons:
#   The system is out of physical RAM or swap space
#   This process is running with CompressedOops enabled, and the Java Heap may be blocking the growth of the native heap
# Possible solutions:
#   Reduce memory load on the system
#   Increase physical memory or swap space
#   Check if swap backing store is full
#   Decrease Java heap size (-Xmx/-Xms)
#   Decrease number of Java threads
#   Decrease Java thread stack sizes (-Xss)
#   Set larger code cache with -XX:ReservedCodeCacheSize=
#   JVM is running with Unscaled Compressed Oops mode in which the Java heap is
#     placed in the first 4GB address space. The Java Heap base address is the
#     maximum limit for the native heap growth. Please use -XX:HeapBaseMinAddress
#     to set the Java Heap base and to place the Java Heap above 4GB virtual address.
# This output file may be truncated or incomplete.
#
#  Out of Memory Error (virtualSpaceNode.cpp:113), pid=12984, tid=22292
#
# JRE version: OpenJDK Runtime Environment Temurin-21.0.11+10 (21.0.11+10) (build 21.0.11+10-LTS)
# Java VM: OpenJDK 64-Bit Server VM Temurin-21.0.11+10 (21.0.11+10-LTS, mixed mode, sharing, tiered, compressed oops, compressed class ptrs, parallel gc, windows-amd64)
# No core dump will be written. Minidumps are not enabled by default on client versions of Windows
#

---------------  S U M M A R Y ------------

Command Line: --add-modules=ALL-SYSTEM --add-opens=java.base/java.util=ALL-UNNAMED --add-opens=java.base/java.lang=ALL-UNNAMED --add-opens=java.base/sun.nio.fs=ALL-UNNAMED -Declipse.application=org.eclipse.jdt.ls.core.id1 -Dosgi.bundles.defaultStartLevel=4 -Declipse.product=org.eclipse.jdt.ls.core.product -Djava.import.generatesMetadataFilesAtProjectRoot=false -DDetectVMInstallationsJob.disabled=true -Dfile.encoding=utf8 -XX:+UseParallelGC -XX:GCTimeRatio=4 -XX:AdaptiveSizePolicyWeight=90 -Dsun.zip.disableMemoryMapping=true -Xmx2G -Xms100m -Xlog:disable -javaagent:c:\Users\Admin\.antigravity\extensions\redhat.java-1.55.0-win32-x64\lombok\lombok-1.18.39-4050.jar -XX:+HeapDumpOnOutOfMemoryError -XX:HeapDumpPath=c:\Users\Admin\AppData\Roaming\Antigravity\User\workspaceStorage\a078f8295506c358ccbcd32556f50a8e\redhat.java -Daether.dependencyCollector.impl=bf c:\Users\Admin\.antigravity\extensions\redhat.java-1.55.0-win32-x64\server\plugins\org.eclipse.equinox.launcher_1.7.200.v20260619-2039.jar -configuration c:\Users\Admin\AppData\Roaming\Antigravity\User\globalStorage\redhat.java\1.55.0\config_win -data c:\Users\Admin\AppData\Roaming\Antigravity\User\workspaceStorage\a078f8295506c358ccbcd32556f50a8e\redhat.java\jdt_ws --pipe=\\.\pipe\lsp-5eb09bd178acf8d1433b53840b6fef82-sock

Host: 11th Gen Intel(R) Core(TM) i5-11400H @ 2.70GHz, 12 cores, 15G,  Windows 11 , 64 bit Build 26100 (10.0.26100.8875)
Time: Tue Aug 11 15:08:54 2026 SE Asia Standard Time elapsed time: 5.825046 seconds (0d 0h 0m 5s)

---------------  T H R E A D  ---------------

Current thread (0x0000021cd3bc8650):  JavaThread "C1 CompilerThread0" daemon [_thread_in_vm, id=22292, stack(0x0000003ee9200000,0x0000003ee9300000) (1024K)]


Current CompileTask:
C1:5825 2804       3       java.lang.invoke.MethodHandleImpl::makePairwiseConvertByEditor (617 bytes)

Stack: [0x0000003ee9200000,0x0000003ee9300000]
Native frames: (J=compiled Java code, j=interpreted, Vv=VM code, C=native code)
V  [jvm.dll+0x6d7e19]
V  [jvm.dll+0x8b5096]
V  [jvm.dll+0x8b764e]
V  [jvm.dll+0x8b7d33]
V  [jvm.dll+0x284596]
V  [jvm.dll+0x8b0dde]
V  [jvm.dll+0x6795e4]
V  [jvm.dll+0x67964a]
V  [jvm.dll+0x67be46]
V  [jvm.dll+0x67bd12]
V  [jvm.dll+0x679fbe]
V  [jvm.dll+0x68b3ca]
V  [jvm.dll+0x684542]
V  [jvm.dll+0x1f6540]
V  [jvm.dll+0x1f6728]
V  [jvm.dll+0x1693fe]
V  [jvm.dll+0x169246]
V  [jvm.dll+0x160e10]
V  [jvm.dll+0x1630ad]
V  [jvm.dll+0x1616b6]
V  [jvm.dll+0x15b3f7]
V  [jvm.dll+0x16aec8]
V  [jvm.dll+0x1569e5]
V  [jvm.dll+0x156d32]
V  [jvm.dll+0x156fe4]
V  [jvm.dll+0x1563fc]
V  [jvm.dll+0x15818d]
V  [jvm.dll+0x25baad]
V  [jvm.dll+0x25a03a]
V  [jvm.dll+0x3f868e]
V  [jvm.dll+0x85fb0d]
V  [jvm.dll+0x6d664d]
C  [ucrtbase.dll+0x2cd30]
C  [KERNEL32.DLL+0x2e957]
C  [ntdll.dll+0xaad6c]


---------------  P R O C E S S  ---------------

Threads class SMR info:
_java_thread_list=0x0000021cf1237df0, length=19, elements={
0x0000021cd3b0efb0, 0x0000021cd3bb01e0, 0x0000021cd3bb4060, 0x0000021cd3bb8360,
0x0000021cd3bbe060, 0x0000021cd3bc6260, 0x0000021cd3bc6cc0, 0x0000021cd3bc7b00,
0x0000021cd3bc8650, 0x0000021ceba4b9a0, 0x0000021cebb59110, 0x0000021cec9bfc80,
0x0000021cf119a6c0, 0x0000021cf119ad50, 0x0000021cf11999a0, 0x0000021cf11978d0,
0x0000021cf1197f60, 0x0000021cf1651000, 0x0000021cf119a030
}

Java Threads: ( => current thread )
  0x0000021cd3b0efb0 JavaThread "main"                              [_thread_blocked, id=23044, stack(0x0000003ee8600000,0x0000003ee8700000) (1024K)]
  0x0000021cd3bb01e0 JavaThread "Reference Handler"          daemon [_thread_blocked, id=14168, stack(0x0000003ee8b00000,0x0000003ee8c00000) (1024K)]
  0x0000021cd3bb4060 JavaThread "Finalizer"                  daemon [_thread_blocked, id=13816, stack(0x0000003ee8c00000,0x0000003ee8d00000) (1024K)]
  0x0000021cd3bb8360 JavaThread "Signal Dispatcher"          daemon [_thread_blocked, id=14080, stack(0x0000003ee8d00000,0x0000003ee8e00000) (1024K)]
  0x0000021cd3bbe060 JavaThread "Attach Listener"            daemon [_thread_blocked, id=24416, stack(0x0000003ee8e00000,0x0000003ee8f00000) (1024K)]
  0x0000021cd3bc6260 JavaThread "Service Thread"             daemon [_thread_blocked, id=16580, stack(0x0000003ee8f00000,0x0000003ee9000000) (1024K)]
  0x0000021cd3bc6cc0 JavaThread "Monitor Deflation Thread"   daemon [_thread_blocked, id=19608, stack(0x0000003ee9000000,0x0000003ee9100000) (1024K)]
  0x0000021cd3bc7b00 JavaThread "C2 CompilerThread0"         daemon [_thread_blocked, id=23224, stack(0x0000003ee9100000,0x0000003ee9200000) (1024K)]
=>0x0000021cd3bc8650 JavaThread "C1 CompilerThread0"         daemon [_thread_in_vm, id=22292, stack(0x0000003ee9200000,0x0000003ee9300000) (1024K)]
  0x0000021ceba4b9a0 JavaThread "Common-Cleaner"             daemon [_thread_blocked, id=2480, stack(0x0000003ee9300000,0x0000003ee9400000) (1024K)]
  0x0000021cebb59110 JavaThread "Notification Thread"        daemon [_thread_blocked, id=12812, stack(0x0000003ee9500000,0x0000003ee9600000) (1024K)]
  0x0000021cec9bfc80 JavaThread "Active Thread: Equinox Container: 045108d9-9178-4c34-aab0-f4cd6bf60ca5"        [_thread_blocked, id=21136, stack(0x0000003ee9d00000,0x0000003ee9e00000) (1024K)]
  0x0000021cf119a6c0 JavaThread "Refresh Thread: Equinox Container: 045108d9-9178-4c34-aab0-f4cd6bf60ca5" daemon [_thread_blocked, id=24760, stack(0x0000003ee9f00000,0x0000003eea000000) (1024K)]
  0x0000021cf119ad50 JavaThread "Framework Event Dispatcher: Equinox Container: 045108d9-9178-4c34-aab0-f4cd6bf60ca5" daemon [_thread_blocked, id=19560, stack(0x0000003eea000000,0x0000003eea100000) (1024K)]
  0x0000021cf11999a0 JavaThread "Start Level: Equinox Container: 045108d9-9178-4c34-aab0-f4cd6bf60ca5" daemon [_thread_in_vm, id=11388, stack(0x0000003eea100000,0x0000003eea200000) (1024K)]
  0x0000021cf11978d0 JavaThread "Bundle File Closer"         daemon [_thread_blocked, id=22176, stack(0x0000003eea400000,0x0000003eea500000) (1024K)]
  0x0000021cf1197f60 JavaThread "SCR Component Actor"        daemon [_thread_blocked, id=1380, stack(0x0000003ee9400000,0x0000003ee9500000) (1024K)]
  0x0000021cf1651000 JavaThread "C2 CompilerThread1"         daemon [_thread_blocked, id=1840, stack(0x0000003ee9600000,0x0000003ee9700000) (1024K)]
  0x0000021cf119a030 JavaThread "Worker-JM"                         [_thread_blocked, id=3316, stack(0x0000003eea500000,0x0000003eea600000) (1024K)]
Total: 19

Other Threads:
  0x0000021cd3baf810 VMThread "VM Thread"                           [id=4288, stack(0x0000003ee8a00000,0x0000003ee8b00000) (1024K)] _threads_hazard_ptr=0x0000021cf1237df0
  0x0000021cd3b7dfb0 WatcherThread "VM Periodic Task Thread"        [id=20528, stack(0x0000003ee8900000,0x0000003ee8a00000) (1024K)]
  0x0000021cd3b2e940 WorkerThread "GC Thread#0"                     [id=1572, stack(0x0000003ee8800000,0x0000003ee8900000) (1024K)]
  0x0000021cebb75a20 WorkerThread "GC Thread#1"                     [id=20196, stack(0x0000003ee9700000,0x0000003ee9800000) (1024K)]
  0x0000021cebb761d0 WorkerThread "GC Thread#2"                     [id=3704, stack(0x0000003ee9800000,0x0000003ee9900000) (1024K)]
  0x0000021cecd85880 WorkerThread "GC Thread#3"                     [id=16420, stack(0x0000003ee9900000,0x0000003ee9a00000) (1024K)]
  0x0000021cecd85c30 WorkerThread "GC Thread#4"                     [id=21036, stack(0x0000003ee9a00000,0x0000003ee9b00000) (1024K)]
  0x0000021cecd85fe0 WorkerThread "GC Thread#5"                     [id=22600, stack(0x0000003ee9b00000,0x0000003ee9c00000) (1024K)]
  0x0000021cecd86390 WorkerThread "GC Thread#6"                     [id=2608, stack(0x0000003ee9c00000,0x0000003ee9d00000) (1024K)]
  0x0000021cecea7090 WorkerThread "GC Thread#7"                     [id=20776, stack(0x0000003ee9e00000,0x0000003ee9f00000) (1024K)]
  0x0000021cf168c3c0 WorkerThread "GC Thread#8"                     [id=16108, stack(0x0000003eea200000,0x0000003eea300000) (1024K)]
  0x0000021cf192e630 WorkerThread "GC Thread#9"                     [id=14300, stack(0x0000003eea300000,0x0000003eea400000) (1024K)]
Total: 12

Threads with active compile tasks:
C1 CompilerThread0  5837 2804       3       java.lang.invoke.MethodHandleImpl::makePairwiseConvertByEditor (617 bytes)
Total: 1

VM state: synchronizing (normal execution)

VM Mutex/Monitor currently owned by a thread:  ([mutex/lock_event])
[0x00007ffdef64d4f0] Metaspace_lock - owner thread: 0x0000021cd3bc8650
[0x00007ffdef64f570] Threads_lock - owner thread: 0x0000021cd3baf810

Heap address: 0x0000000080000000, size: 2048 MB, Compressed Oops mode: 32-bit

CDS archive(s) mapped at: [0x0000021c80000000-0x0000021c80ba0000-0x0000021c80ba0000), size 12189696, SharedBaseAddress: 0x0000021c80000000, ArchiveRelocationMode: 1.
Compressed class space mapped at: 0x0000021c81000000-0x0000021cc1000000, reserved size: 1073741824
Narrow klass base: 0x0000021c80000000, Narrow klass shift: 0, Narrow klass range: 0x100000000

GC Precious Log:
 CardTable entry size: 512
 CPUs: 12 total, 12 available
 Memory: 16105M
 Large Page Support: Disabled
 NUMA Support: Disabled
 Compressed Oops: Enabled (32-bit)
 Alignments: Space 512K, Generation 512K, Heap 2M
 Heap Min Capacity: 100M
 Heap Initial Capacity: 100M
 Heap Max Capacity: 2G
 Pre-touch: Disabled
 Parallel Workers: 10

Heap:
 PSYoungGen      total 29696K, used 20130K [0x00000000d5580000, 0x00000000d7680000, 0x0000000100000000)
  eden space 25600K, 62% used [0x00000000d5580000,0x00000000d6530480,0x00000000d6e80000)
  from space 4096K, 99% used [0x00000000d7280000,0x00000000d7678570,0x00000000d7680000)
  to   space 4096K, 0% used [0x00000000d6e80000,0x00000000d6e80000,0x00000000d7280000)
 ParOldGen       total 68608K, used 6706K [0x0000000080000000, 0x0000000084300000, 0x00000000d5580000)
  object space 68608K, 9% used [0x0000000080000000,0x000000008068cb10,0x0000000084300000)
 Metaspace       used 14217K, committed 14720K, reserved 1114112K
  class space    used 1487K, committed 1728K, reserved 1048576K

Card table byte_map: [0x0000021cd34b0000,0x0000021cd38c0000] _byte_map_base: 0x0000021cd30b0000

Marking Bits: (ParMarkBitMap*) 0x00007ffdef654460
 Begin Bits: [0x0000021ce5fc0000, 0x0000021ce7fc0000)
 End Bits:   [0x0000021ce7fc0000, 0x0000021ce9fc0000)

Polling page: 0x0000021cd1a90000

Metaspace:

Usage:
  Non-class:     12.43 MB used.
      Class:      1.45 MB used.
       Both:     13.88 MB used.

Virtual space:
  Non-class space:       64.00 MB reserved,      12.69 MB ( 20%) committed,  1 nodes.
      Class space:        1.00 GB reserved,       1.69 MB ( <1%) committed,  1 nodes.
             Both:        1.06 GB reserved,      14.38 MB (  1%) committed. 

Chunk freelists:
   Non-Class:  2.56 MB
       Class:  14.36 MB
        Both:  16.92 MB

MaxMetaspaceSize: unlimited
CompressedClassSpaceSize: 1.00 GB
Initial GC threshold: 21.00 MB
Current GC threshold: 21.00 MB
CDS: on
 - commit_granule_bytes: 65536.
 - commit_granule_words: 8192.
 - virtual_space_node_default_size: 8388608.
 - enlarge_chunks_in_place: 1.
 - use_allocation_guard: 0.


Internal statistics:

num_allocs_failed_limit: 0.
num_arena_births: 356.
num_arena_deaths: 0.
num_vsnodes_births: 2.
num_vsnodes_deaths: 0.
num_space_committed: 230.
num_space_uncommitted: 0.
num_chunks_returned_to_freelist: 0.
num_chunks_taken_from_freelist: 825.
num_chunk_merges: 0.
num_chunk_splits: 523.
num_chunks_enlarged: 351.
num_inconsistent_stats: 0.

CodeHeap 'non-profiled nmethods': size=120000Kb used=1295Kb max_used=1295Kb free=118704Kb
 bounds [0x0000021cde7e0000, 0x0000021cdea50000, 0x0000021ce5d10000]
CodeHeap 'profiled nmethods': size=120000Kb used=5597Kb max_used=5597Kb free=114402Kb
 bounds [0x0000021cd6d10000, 0x0000021cd7290000, 0x0000021cde240000]
CodeHeap 'non-nmethods': size=5760Kb used=1259Kb max_used=1279Kb free=4500Kb
 bounds [0x0000021cde240000, 0x0000021cde4b0000, 0x0000021cde7e0000]
CodeCache: size=245760Kb, used=8151Kb, max_used=8171Kb, free=237606Kb
 total_blobs=3322, nmethods=2804, adapters=424, full_count=0
Compilation: enabled, stopped_count=0, restarted_count=0

Compilation events (20 events):
Event: 3.813 Thread 0x0000021cd3bc8650 nmethod 2794 0x0000021cd7280090 code [0x0000021cd7280480, 0x0000021cd7281eb8]
Event: 3.817 Thread 0x0000021cd3bc8650 2795       3       java.util.concurrent.locks.ReentrantReadWriteLock$Sync::isHeldExclusively (16 bytes)
Event: 3.817 Thread 0x0000021cd3bc8650 nmethod 2795 0x0000021cd7282910 code [0x0000021cd7282ac0, 0x0000021cd7282c50]
Event: 3.822 Thread 0x0000021cd3bc8650 2796       3       org.eclipse.osgi.internal.hooks.EclipseLazyStarter::shouldActivateFor (123 bytes)
Event: 3.822 Thread 0x0000021cd3bc8650 nmethod 2796 0x0000021cd7282d10 code [0x0000021cd7282fa0, 0x0000021cd7283ac8]
Event: 3.822 Thread 0x0000021cd3bc8650 2797       3       jdk.internal.reflect.ReflectionFactory::copyField (11 bytes)
Event: 3.822 Thread 0x0000021cd3bc8650 nmethod 2797 0x0000021cd7283f10 code [0x0000021cd72840c0, 0x0000021cd72842b8]
Event: 3.822 Thread 0x0000021cd3bc8650 2798       3       java.lang.reflect.ReflectAccess::copyField (5 bytes)
Event: 3.822 Thread 0x0000021cd3bc8650 nmethod 2798 0x0000021cd7284410 code [0x0000021cd72845c0, 0x0000021cd7284700]
Event: 3.822 Thread 0x0000021cd3bc8650 2799       3       java.lang.reflect.Field::copy (80 bytes)
Event: 3.822 Thread 0x0000021cd3bc8650 nmethod 2799 0x0000021cd7284810 code [0x0000021cd72849e0, 0x0000021cd7284d20]
Event: 3.822 Thread 0x0000021cd3bc8650 2800   !   3       jdk.internal.loader.URLClassPath::checkURL (16 bytes)
Event: 3.823 Thread 0x0000021cd3bc8650 nmethod 2800 0x0000021cd7284e10 code [0x0000021cd7284fc0, 0x0000021cd7285178]
Event: 3.823 Thread 0x0000021cd3bc8650 2801       3       jdk.internal.loader.BuiltinClassLoader::checkURL (5 bytes)
Event: 3.823 Thread 0x0000021cd3bc8650 nmethod 2801 0x0000021cd7285210 code [0x0000021cd72853c0, 0x0000021cd72855a8]
Event: 3.823 Thread 0x0000021cd3bc8650 2802       3       java.nio.Buffer::<init> (105 bytes)
Event: 3.823 Thread 0x0000021cd3bc8650 nmethod 2802 0x0000021cd7285690 code [0x0000021cd7285940, 0x0000021cd72863e0]
Event: 3.823 Thread 0x0000021cd3bc8650 2805       3       java.lang.invoke.MethodHandleImpl::computeValueConversions (121 bytes)
Event: 3.824 Thread 0x0000021cd3bc8650 nmethod 2805 0x0000021cd7286810 code [0x0000021cd7286a20, 0x0000021cd72871b8]
Event: 3.824 Thread 0x0000021cd3bc8650 2804       3       java.lang.invoke.MethodHandleImpl::makePairwiseConvertByEditor (617 bytes)

GC Heap History (8 events):
Event: 0.825 GC heap before
{Heap before GC invocations=1 (full 0):
 PSYoungGen      total 29696K, used 25600K [0x00000000d5580000, 0x00000000d7680000, 0x0000000100000000)
  eden space 25600K, 100% used [0x00000000d5580000,0x00000000d6e80000,0x00000000d6e80000)
  from space 4096K, 0% used [0x00000000d7280000,0x00000000d7280000,0x00000000d7680000)
  to   space 4096K, 0% used [0x00000000d6e80000,0x00000000d6e80000,0x00000000d7280000)
 ParOldGen       total 68608K, used 0K [0x0000000080000000, 0x0000000084300000, 0x00000000d5580000)
  object space 68608K, 0% used [0x0000000080000000,0x0000000080000000,0x0000000084300000)
 Metaspace       used 4367K, committed 4608K, reserved 1114112K
  class space    used 475K, committed 576K, reserved 1048576K
}
Event: 0.830 GC heap after
{Heap after GC invocations=1 (full 0):
 PSYoungGen      total 29696K, used 3303K [0x00000000d5580000, 0x00000000d7680000, 0x0000000100000000)
  eden space 25600K, 0% used [0x00000000d5580000,0x00000000d5580000,0x00000000d6e80000)
  from space 4096K, 80% used [0x00000000d6e80000,0x00000000d71b9e98,0x00000000d7280000)
  to   space 4096K, 0% used [0x00000000d7280000,0x00000000d7280000,0x00000000d7680000)
 ParOldGen       total 68608K, used 16K [0x0000000080000000, 0x0000000084300000, 0x00000000d5580000)
  object space 68608K, 0% used [0x0000000080000000,0x0000000080004000,0x0000000084300000)
 Metaspace       used 4367K, committed 4608K, reserved 1114112K
  class space    used 475K, committed 576K, reserved 1048576K
}
Event: 1.233 GC heap before
{Heap before GC invocations=2 (full 0):
 PSYoungGen      total 29696K, used 28903K [0x00000000d5580000, 0x00000000d7680000, 0x0000000100000000)
  eden space 25600K, 100% used [0x00000000d5580000,0x00000000d6e80000,0x00000000d6e80000)
  from space 4096K, 80% used [0x00000000d6e80000,0x00000000d71b9e98,0x00000000d7280000)
  to   space 4096K, 0% used [0x00000000d7280000,0x00000000d7280000,0x00000000d7680000)
 ParOldGen       total 68608K, used 16K [0x0000000080000000, 0x0000000084300000, 0x00000000d5580000)
  object space 68608K, 0% used [0x0000000080000000,0x0000000080004000,0x0000000084300000)
 Metaspace       used 8006K, committed 8256K, reserved 1114112K
  class space    used 840K, committed 960K, reserved 1048576K
}
Event: 1.237 GC heap after
{Heap after GC invocations=2 (full 0):
 PSYoungGen      total 29696K, used 4086K [0x00000000d5580000, 0x00000000d7680000, 0x0000000100000000)
  eden space 25600K, 0% used [0x00000000d5580000,0x00000000d5580000,0x00000000d6e80000)
  from space 4096K, 99% used [0x00000000d7280000,0x00000000d767d810,0x00000000d7680000)
  to   space 4096K, 0% used [0x00000000d6e80000,0x00000000d6e80000,0x00000000d7280000)
 ParOldGen       total 68608K, used 1949K [0x0000000080000000, 0x0000000084300000, 0x00000000d5580000)
  object space 68608K, 2% used [0x0000000080000000,0x00000000801e76b8,0x0000000084300000)
 Metaspace       used 8006K, committed 8256K, reserved 1114112K
  class space    used 840K, committed 960K, reserved 1048576K
}
Event: 1.469 GC heap before
{Heap before GC invocations=3 (full 0):
 PSYoungGen      total 29696K, used 29676K [0x00000000d5580000, 0x00000000d7680000, 0x0000000100000000)
  eden space 25600K, 99% used [0x00000000d5580000,0x00000000d6e7dad0,0x00000000d6e80000)
  from space 4096K, 99% used [0x00000000d7280000,0x00000000d767d810,0x00000000d7680000)
  to   space 4096K, 0% used [0x00000000d6e80000,0x00000000d6e80000,0x00000000d7280000)
 ParOldGen       total 68608K, used 1949K [0x0000000080000000, 0x0000000084300000, 0x00000000d5580000)
  object space 68608K, 2% used [0x0000000080000000,0x00000000801e76b8,0x0000000084300000)
 Metaspace       used 9430K, committed 9728K, reserved 1114112K
  class space    used 1009K, committed 1152K, reserved 1048576K
}
Event: 1.473 GC heap after
{Heap after GC invocations=3 (full 0):
 PSYoungGen      total 29696K, used 4071K [0x00000000d5580000, 0x00000000d7680000, 0x0000000100000000)
  eden space 25600K, 0% used [0x00000000d5580000,0x00000000d5580000,0x00000000d6e80000)
  from space 4096K, 99% used [0x00000000d6e80000,0x00000000d7279f80,0x00000000d7280000)
  to   space 4096K, 0% used [0x00000000d7280000,0x00000000d7280000,0x00000000d7680000)
 ParOldGen       total 68608K, used 5337K [0x0000000080000000, 0x0000000084300000, 0x00000000d5580000)
  object space 68608K, 7% used [0x0000000080000000,0x00000000805367a8,0x0000000084300000)
 Metaspace       used 9430K, committed 9728K, reserved 1114112K
  class space    used 1009K, committed 1152K, reserved 1048576K
}
Event: 3.624 GC heap before
{Heap before GC invocations=4 (full 0):
 PSYoungGen      total 29696K, used 29671K [0x00000000d5580000, 0x00000000d7680000, 0x0000000100000000)
  eden space 25600K, 100% used [0x00000000d5580000,0x00000000d6e80000,0x00000000d6e80000)
  from space 4096K, 99% used [0x00000000d6e80000,0x00000000d7279f80,0x00000000d7280000)
  to   space 4096K, 0% used [0x00000000d7280000,0x00000000d7280000,0x00000000d7680000)
 ParOldGen       total 68608K, used 5337K [0x0000000080000000, 0x0000000084300000, 0x00000000d5580000)
  object space 68608K, 7% used [0x0000000080000000,0x00000000805367a8,0x0000000084300000)
 Metaspace       used 11742K, committed 12096K, reserved 1114112K
  class space    used 1251K, committed 1408K, reserved 1048576K
}
Event: 3.627 GC heap after
{Heap after GC invocations=4 (full 0):
 PSYoungGen      total 29696K, used 4065K [0x00000000d5580000, 0x00000000d7680000, 0x0000000100000000)
  eden space 25600K, 0% used [0x00000000d5580000,0x00000000d5580000,0x00000000d6e80000)
  from space 4096K, 99% used [0x00000000d7280000,0x00000000d7678570,0x00000000d7680000)
  to   space 4096K, 0% used [0x00000000d6e80000,0x00000000d6e80000,0x00000000d7280000)
 ParOldGen       total 68608K, used 6706K [0x0000000080000000, 0x0000000084300000, 0x00000000d5580000)
  object space 68608K, 9% used [0x0000000080000000,0x000000008068cb10,0x0000000084300000)
 Metaspace       used 11742K, committed 12096K, reserved 1114112K
  class space    used 1251K, committed 1408K, reserved 1048576K
}

Dll operation events (9 events):
Event: 0.022 Loaded shared library c:\Users\Admin\.antigravity\extensions\redhat.java-1.55.0-win32-x64\jre\21.0.11-win32-x86_64\bin\java.dll
Event: 0.069 Loaded shared library c:\Users\Admin\.antigravity\extensions\redhat.java-1.55.0-win32-x64\jre\21.0.11-win32-x86_64\bin\zip.dll
Event: 0.186 Loaded shared library C:\Users\Admin\.antigravity\extensions\redhat.java-1.55.0-win32-x64\jre\21.0.11-win32-x86_64\bin\instrument.dll
Event: 0.193 Loaded shared library C:\Users\Admin\.antigravity\extensions\redhat.java-1.55.0-win32-x64\jre\21.0.11-win32-x86_64\bin\net.dll
Event: 0.195 Loaded shared library C:\Users\Admin\.antigravity\extensions\redhat.java-1.55.0-win32-x64\jre\21.0.11-win32-x86_64\bin\nio.dll
Event: 0.199 Loaded shared library C:\Users\Admin\.antigravity\extensions\redhat.java-1.55.0-win32-x64\jre\21.0.11-win32-x86_64\bin\zip.dll
Event: 0.224 Loaded shared library C:\Users\Admin\.antigravity\extensions\redhat.java-1.55.0-win32-x64\jre\21.0.11-win32-x86_64\bin\jimage.dll
Event: 0.302 Loaded shared library c:\Users\Admin\.antigravity\extensions\redhat.java-1.55.0-win32-x64\jre\21.0.11-win32-x86_64\bin\verify.dll
Event: 1.242 Loaded shared library C:\Users\Admin\AppData\Roaming\Antigravity\User\globalStorage\redhat.java\1.55.0\config_win\org.eclipse.equinox.launcher\org.eclipse.equinox.launcher.win32.win32.x86_64_1.3.100.v20260613-0559\eclipse_11924.dll

Deoptimization events (20 events):
Event: 3.678 Thread 0x0000021cf11999a0 DEOPT PACKING pc=0x0000021cde9059ac sp=0x0000003eea1fb360
Event: 3.678 Thread 0x0000021cf11999a0 DEOPT UNPACKING pc=0x0000021cde296da2 sp=0x0000003eea1fb358 mode 2
Event: 3.678 Thread 0x0000021cf11999a0 Uncommon trap: trap_request=0xffffffc6 fr.pc=0x0000021cde9059ac relative=0x00000000000013ac
Event: 3.678 Thread 0x0000021cf11999a0 Uncommon trap: reason=bimorphic_or_optimized_type_check action=maybe_recompile pc=0x0000021cde9059ac method=java.io.DataInputStream.readFully([BII)V @ 30 c2
Event: 3.678 Thread 0x0000021cf11999a0 DEOPT PACKING pc=0x0000021cde9059ac sp=0x0000003eea1fb350
Event: 3.678 Thread 0x0000021cf11999a0 DEOPT UNPACKING pc=0x0000021cde296da2 sp=0x0000003eea1fb348 mode 2
Event: 3.678 Thread 0x0000021cf11999a0 Uncommon trap: trap_request=0xffffffc6 fr.pc=0x0000021cde9059ac relative=0x00000000000013ac
Event: 3.678 Thread 0x0000021cf11999a0 Uncommon trap: reason=bimorphic_or_optimized_type_check action=maybe_recompile pc=0x0000021cde9059ac method=java.io.DataInputStream.readFully([BII)V @ 30 c2
Event: 3.678 Thread 0x0000021cf11999a0 DEOPT PACKING pc=0x0000021cde9059ac sp=0x0000003eea1fb350
Event: 3.678 Thread 0x0000021cf11999a0 DEOPT UNPACKING pc=0x0000021cde296da2 sp=0x0000003eea1fb348 mode 2
Event: 3.678 Thread 0x0000021cf11999a0 Uncommon trap: trap_request=0xffffffc6 fr.pc=0x0000021cde9059ac relative=0x00000000000013ac
Event: 3.678 Thread 0x0000021cf11999a0 Uncommon trap: reason=bimorphic_or_optimized_type_check action=maybe_recompile pc=0x0000021cde9059ac method=java.io.DataInputStream.readFully([BII)V @ 30 c2
Event: 3.678 Thread 0x0000021cf11999a0 DEOPT PACKING pc=0x0000021cde9059ac sp=0x0000003eea1fb350
Event: 3.678 Thread 0x0000021cf11999a0 DEOPT UNPACKING pc=0x0000021cde296da2 sp=0x0000003eea1fb348 mode 2
Event: 3.720 Thread 0x0000021cf11999a0 Uncommon trap: trap_request=0xffffffcc fr.pc=0x0000021cde914ccc relative=0x000000000000020c
Event: 3.720 Thread 0x0000021cf11999a0 Uncommon trap: reason=intrinsic_or_type_checked_inlining action=make_not_entrant pc=0x0000021cde914ccc method=java.util.Arrays.copyOf([Ljava/lang/Object;ILjava/lang/Class;)[Ljava/lang/Object; @ 35 c2
Event: 3.720 Thread 0x0000021cf11999a0 DEOPT PACKING pc=0x0000021cde914ccc sp=0x0000003eea1fd9a0
Event: 3.720 Thread 0x0000021cf11999a0 DEOPT UNPACKING pc=0x0000021cde296da2 sp=0x0000003eea1fd930 mode 2
Event: 3.798 Thread 0x0000021cf11999a0 DEOPT PACKING pc=0x0000021cd70f20d6 sp=0x0000003eea1f32a0
Event: 3.798 Thread 0x0000021cf11999a0 DEOPT UNPACKING pc=0x0000021cde2978e2 sp=0x0000003eea1f27b0 mode 0

Classes loaded (20 events):
Event: 3.642 Loading class java/util/stream/ReduceOps$10
Event: 3.643 Loading class java/util/stream/ReduceOps$10 done
Event: 3.643 Loading class java/util/stream/ReduceOps$8ReducingSink
Event: 3.643 Loading class java/util/stream/Sink$OfLong
Event: 3.643 Loading class java/util/stream/Sink$OfLong done
Event: 3.643 Loading class java/util/stream/ReduceOps$8ReducingSink done
Event: 3.643 Loading class java/util/stream/ReferencePipeline$5$1
Event: 3.643 Loading class java/util/stream/ReferencePipeline$5$1 done
Event: 3.670 Loading class java/nio/file/NoSuchFileException
Event: 3.670 Loading class java/nio/file/FileSystemException
Event: 3.670 Loading class java/nio/file/FileSystemException done
Event: 3.670 Loading class java/nio/file/NoSuchFileException done
Event: 3.700 Loading class java/lang/Process
Event: 3.701 Loading class java/lang/Process done
Event: 3.785 Loading class java/util/concurrent/TimeoutException
Event: 3.785 Loading class java/util/concurrent/TimeoutException done
Event: 3.806 Loading class java/lang/invoke/DirectMethodHandle$StaticAccessor
Event: 3.806 Loading class java/lang/invoke/DirectMethodHandle$StaticAccessor done
Event: 3.820 Loading class java/lang/AbstractMethodError
Event: 3.820 Loading class java/lang/AbstractMethodError done

Classes unloaded (0 events):
No events

Classes redefined (0 events):
No events

Internal exceptions (20 events):
Event: 1.082 Thread 0x0000021cd3b0efb0 Exception <a 'java/lang/NoSuchMethodError'{0x00000000d64251d8}: 'int java.lang.invoke.DirectMethodHandle$Holder.invokeVirtual(java.lang.Object, java.lang.Object)'> (0x00000000d64251d8) 
thrown [s\src\hotspot\share\interpreter\linkResolver.cpp, line 773]
Event: 1.104 Thread 0x0000021cd3b0efb0 Exception <a 'java/lang/NoSuchMethodError'{0x00000000d659cb90}: 'int java.lang.invoke.DirectMethodHandle$Holder.invokeStaticInit(java.lang.Object, java.lang.Object, java.lang.Object, java.lang.Object)'> (0x00000000d659cb90) 
thrown [s\src\hotspot\share\interpreter\linkResolver.cpp, line 773]
Event: 1.105 Thread 0x0000021cd3b0efb0 Exception <a 'java/lang/IncompatibleClassChangeError'{0x00000000d65a54c0}: Found class java.lang.Object, but interface was expected> (0x00000000d65a54c0) 
thrown [s\src\hotspot\share\interpreter\linkResolver.cpp, line 840]
Event: 1.105 Thread 0x0000021cd3b0efb0 Exception <a 'java/lang/NoSuchMethodError'{0x00000000d65aba50}: 'void java.lang.invoke.DirectMethodHandle$Holder.invokeStaticInit(java.lang.Object, java.lang.Object)'> (0x00000000d65aba50) 
thrown [s\src\hotspot\share\interpreter\linkResolver.cpp, line 773]
Event: 1.105 Thread 0x0000021cd3b0efb0 Exception <a 'java/lang/NoSuchMethodError'{0x00000000d65b4c48}: 'int java.lang.invoke.DirectMethodHandle$Holder.invokeStaticInit(java.lang.Object, java.lang.Object)'> (0x00000000d65b4c48) 
thrown [s\src\hotspot\share\interpreter\linkResolver.cpp, line 773]
Event: 1.130 Thread 0x0000021cd3b0efb0 Exception <a 'java/lang/NoSuchMethodError'{0x00000000d6801660}: 'java.lang.Object java.lang.invoke.DirectMethodHandle$Holder.newInvokeSpecial(java.lang.Object, int, java.lang.Object)'> (0x00000000d6801660) 
thrown [s\src\hotspot\share\interpreter\linkResolver.cpp, line 773]
Event: 1.151 Thread 0x0000021cd3b0efb0 Exception <a 'java/lang/ClassNotFoundException'{0x00000000d6a23338}: sun/net/www/protocol/plurl/Handler> (0x00000000d6a23338) 
thrown [s\src\hotspot\share\classfile\systemDictionary.cpp, line 313]
Event: 1.151 Thread 0x0000021cd3b0efb0 Exception <a 'java/lang/ClassNotFoundException'{0x00000000d6a241b8}: sun/net/www/protocol/plurl/Handler> (0x00000000d6a241b8) 
thrown [s\src\hotspot\share\classfile\systemDictionary.cpp, line 313]
Event: 1.239 Thread 0x0000021cd3b0efb0 Exception <a 'java/lang/UnsatisfiedLinkError'{0x00000000d55a5dc0}: 'void org.eclipse.equinox.launcher.JNIBridge._update_splash()'> (0x00000000d55a5dc0) 
thrown [s\src\hotspot\share\prims\nativeLookup.cpp, line 415]
Event: 1.261 Thread 0x0000021cf119a6c0 Exception <a 'java/lang/NoSuchMethodError'{0x00000000d5869640}: 'void java.lang.invoke.DirectMethodHandle$Holder.invokeInterface(java.lang.Object, java.lang.Object, java.lang.Object)'> (0x00000000d5869640) 
thrown [s\src\hotspot\share\interpreter\linkResolver.cpp, line 773]
Event: 1.309 Thread 0x0000021cf11999a0 Exception <a 'java/lang/NoSuchMethodError'{0x00000000d5c2dbe8}: 'java.lang.Object java.lang.invoke.DirectMethodHandle$Holder.newInvokeSpecial(java.lang.Object, java.lang.Object, int, java.lang.Object)'> (0x00000000d5c2dbe8) 
thrown [s\src\hotspot\share\interpreter\linkResolver.cpp, line 773]
Event: 1.309 Thread 0x0000021cf11999a0 Exception <a 'java/lang/NoSuchMethodError'{0x00000000d5c31a18}: 'java.lang.Object java.lang.invoke.DirectMethodHandle$Holder.invokeSpecial(java.lang.Object, java.lang.Object, java.lang.Object, int, java.lang.Object)'> (0x00000000d5c31a18) 
thrown [s\src\hotspot\share\interpreter\linkResolver.cpp, line 773]
Event: 1.318 Thread 0x0000021cf11999a0 Exception <a 'java/lang/NoClassDefFoundError'{0x00000000d5cd7ce8}: jakarta/servlet/ServletContainerInitializer> (0x00000000d5cd7ce8) 
thrown [s\src\hotspot\share\classfile\systemDictionary.cpp, line 302]
Event: 1.331 Thread 0x0000021cf11999a0 Exception <a 'java/lang/ClassNotFoundException'{0x00000000d5e445b0}: sun/util/logging/resources/spi/loggingProvider> (0x00000000d5e445b0) 
thrown [s\src\hotspot\share\classfile\systemDictionary.cpp, line 313]
Event: 3.559 Thread 0x0000021cf11999a0 Exception <a 'java/lang/NullPointerException'{0x00000000d665a8c0}> (0x00000000d665a8c0) 
thrown [s\src\hotspot\share\interpreter\linkResolver.cpp, line 1372]
Event: 3.559 Thread 0x0000021cf11999a0 Exception <a 'java/lang/NullPointerException'{0x00000000d665aba0}> (0x00000000d665aba0) 
thrown [s\src\hotspot\share\interpreter\linkResolver.cpp, line 1372]
Event: 3.641 Thread 0x0000021cf11999a0 Exception <a 'java/lang/NoSuchMethodError'{0x00000000d56d1cd8}: 'long java.lang.invoke.DirectMethodHandle$Holder.invokeSpecial(java.lang.Object, java.lang.Object)'> (0x00000000d56d1cd8) 
thrown [s\src\hotspot\share\interpreter\linkResolver.cpp, line 773]
Event: 3.674 Thread 0x0000021cf11999a0 Exception <a 'java/io/FileNotFoundException'{0x00000000d595c4a8}> (0x00000000d595c4a8) 
thrown [s\src\hotspot\share\prims\jni.cpp, line 520]
Event: 3.752 Thread 0x0000021cf11999a0 Exception <a 'java/lang/NoSuchMethodError'{0x00000000d5e59340}: 'java.lang.Object java.lang.invoke.Invokers$Holder.linkToTargetMethod(java.lang.Object, long, java.lang.Object)'> (0x00000000d5e59340) 
thrown [s\src\hotspot\share\interpreter\linkResolver.cpp, line 773]
Event: 3.807 Thread 0x0000021cf11999a0 Exception <a 'java/lang/NoSuchMethodError'{0x00000000d63736d8}: 'void java.lang.invoke.Invokers$Holder.invokeExact_MT(java.lang.Object, java.lang.Object, java.lang.Object)'> (0x00000000d63736d8) 
thrown [s\src\hotspot\share\interpreter\linkResolver.cpp, line 773]

ZGC Phase Switch (0 events):
No events

VM Operations (20 events):
Event: 1.237 Executing safepoint VM operation: ParallelGCFailedAllocation (Allocation Failure) done
Event: 1.325 Executing non-safepoint VM operation: HandshakeAllThreads (Deoptimize)
Event: 1.325 Executing non-safepoint VM operation: HandshakeAllThreads (Deoptimize) done
Event: 1.336 Executing non-safepoint VM operation: HandshakeAllThreads (Deoptimize)
Event: 1.336 Executing non-safepoint VM operation: HandshakeAllThreads (Deoptimize) done
Event: 1.342 Executing non-safepoint VM operation: HandshakeAllThreads (Deoptimize)
Event: 1.343 Executing non-safepoint VM operation: HandshakeAllThreads (Deoptimize) done
Event: 1.347 Executing non-safepoint VM operation: HandshakeAllThreads (Deoptimize)
Event: 1.347 Executing non-safepoint VM operation: HandshakeAllThreads (Deoptimize) done
Event: 1.469 Executing safepoint VM operation: ParallelGCFailedAllocation (Allocation Failure)
Event: 1.473 Executing safepoint VM operation: ParallelGCFailedAllocation (Allocation Failure) done
Event: 1.621 Executing non-safepoint VM operation: HandshakeAllThreads (Deoptimize)
Event: 1.621 Executing non-safepoint VM operation: HandshakeAllThreads (Deoptimize) done
Event: 2.622 Executing safepoint VM operation: Cleanup
Event: 2.622 Executing safepoint VM operation: Cleanup done
Event: 3.603 Executing non-safepoint VM operation: HandshakeAllThreads (Deoptimize)
Event: 3.603 Executing non-safepoint VM operation: HandshakeAllThreads (Deoptimize) done
Event: 3.624 Executing safepoint VM operation: ParallelGCFailedAllocation (Allocation Failure)
Event: 3.627 Executing safepoint VM operation: ParallelGCFailedAllocation (Allocation Failure) done
Event: 4.627 Executing safepoint VM operation: Cleanup

Memory protections (0 events):
No events

Nmethod flushes (0 events):
No events

Events (20 events):
Event: 0.084 Thread 0x0000021cd3b0efb0 Thread added: 0x0000021cd3bb8360
Event: 0.084 Thread 0x0000021cd3b0efb0 Thread added: 0x0000021cd3bbe060
Event: 0.098 Thread 0x0000021cd3b0efb0 Thread added: 0x0000021cd3bc6260
Event: 0.098 Thread 0x0000021cd3b0efb0 Thread added: 0x0000021cd3bc6cc0
Event: 0.098 Thread 0x0000021cd3b0efb0 Thread added: 0x0000021cd3bc7b00
Event: 0.099 Thread 0x0000021cd3b0efb0 Thread added: 0x0000021cd3bc8650
Event: 0.189 Thread 0x0000021cd3b0efb0 Thread added: 0x0000021ceba4b9a0
Event: 0.294 Thread 0x0000021cd3bc8650 Thread added: 0x0000021cebb4ad90
Event: 0.432 Thread 0x0000021cd3b0efb0 Thread added: 0x0000021cebb59110
Event: 0.526 Thread 0x0000021cd3bc8650 Thread added: 0x0000021cec8ef4d0
Event: 1.112 Thread 0x0000021cd3b0efb0 Thread added: 0x0000021cec9bfc80
Event: 1.238 Thread 0x0000021cd3b0efb0 Thread added: 0x0000021cf119a6c0
Event: 1.263 Thread 0x0000021cf119a6c0 Thread added: 0x0000021cf119ad50
Event: 1.265 Thread 0x0000021cd3b0efb0 Thread added: 0x0000021cf11999a0
Event: 1.507 Thread 0x0000021cf11999a0 Thread added: 0x0000021cf11978d0
Event: 1.759 Thread 0x0000021cec8ef4d0 Thread exited: 0x0000021cec8ef4d0
Event: 1.759 Thread 0x0000021cebb4ad90 Thread exited: 0x0000021cebb4ad90
Event: 3.542 Thread 0x0000021cf11999a0 Thread added: 0x0000021cf1197f60
Event: 3.645 Thread 0x0000021cd3bc7b00 Thread added: 0x0000021cf1651000
Event: 3.791 Thread 0x0000021cf11999a0 Thread added: 0x0000021cf119a030


Dynamic libraries:
0x00007ff721150000 - 0x00007ff72115e000 	c:\Users\Admin\.antigravity\extensions\redhat.java-1.55.0-win32-x64\jre\21.0.11-win32-x86_64\bin\java.exe
0x00007ffeb7be0000 - 0x00007ffeb7e46000 	C:\WINDOWS\SYSTEM32\ntdll.dll
0x00007ffeb6950000 - 0x00007ffeb6a19000 	C:\WINDOWS\System32\KERNEL32.DLL
0x00007ffeb5250000 - 0x00007ffeb564e000 	C:\WINDOWS\System32\KERNELBASE.dll
0x00007ffeb5000000 - 0x00007ffeb514c000 	C:\WINDOWS\System32\ucrtbase.dll
0x00007ffe81080000 - 0x00007ffe81098000 	c:\Users\Admin\.antigravity\extensions\redhat.java-1.55.0-win32-x64\jre\21.0.11-win32-x86_64\bin\jli.dll
0x00007ffeb6f60000 - 0x00007ffeb7127000 	C:\WINDOWS\System32\USER32.dll
0x00007ffeb5160000 - 0x00007ffeb5187000 	C:\WINDOWS\System32\win32u.dll
0x00007ffeb6820000 - 0x00007ffeb684b000 	C:\WINDOWS\System32\GDI32.dll
0x00007ffeb5660000 - 0x00007ffeb578a000 	C:\WINDOWS\System32\gdi32full.dll
0x00007ffeb4e00000 - 0x00007ffeb4ea3000 	C:\WINDOWS\System32\msvcp_win.dll
0x00007ffea7a90000 - 0x00007ffea7aae000 	c:\Users\Admin\.antigravity\extensions\redhat.java-1.55.0-win32-x64\jre\21.0.11-win32-x86_64\bin\VCRUNTIME140.dll
0x00007ffe991a0000 - 0x00007ffe99432000 	C:\WINDOWS\WinSxS\amd64_microsoft.windows.common-controls_6595b64144ccf1df_6.0.26100.8875_none_3e0d5d42e32fe9dd\COMCTL32.dll
0x00007ffeb6eb0000 - 0x00007ffeb6f59000 	C:\WINDOWS\System32\msvcrt.dll
0x00007ffeb7910000 - 0x00007ffeb7942000 	C:\WINDOWS\System32\IMM32.DLL
0x00007ffea7470000 - 0x00007ffea747c000 	c:\Users\Admin\.antigravity\extensions\redhat.java-1.55.0-win32-x64\jre\21.0.11-win32-x86_64\bin\vcruntime140_1.dll
0x00007ffe62440000 - 0x00007ffe624cd000 	c:\Users\Admin\.antigravity\extensions\redhat.java-1.55.0-win32-x64\jre\21.0.11-win32-x86_64\bin\msvcp140.dll
0x00007ffdee990000 - 0x00007ffdef732000 	c:\Users\Admin\.antigravity\extensions\redhat.java-1.55.0-win32-x64\jre\21.0.11-win32-x86_64\bin\server\jvm.dll
0x00007ffeb7850000 - 0x00007ffeb7907000 	C:\WINDOWS\System32\ADVAPI32.dll
0x00007ffeb7af0000 - 0x00007ffeb7b9a000 	C:\WINDOWS\System32\sechost.dll
0x00007ffeb6a20000 - 0x00007ffeb6b38000 	C:\WINDOWS\System32\RPCRT4.dll
0x00007ffeb60e0000 - 0x00007ffeb6160000 	C:\WINDOWS\System32\WS2_32.dll
0x00007ffeb3920000 - 0x00007ffeb397e000 	C:\WINDOWS\SYSTEM32\POWRPROF.dll
0x00007ffea9e60000 - 0x00007ffea9e96000 	C:\WINDOWS\SYSTEM32\WINMM.dll
0x00007ffeaafa0000 - 0x00007ffeaafab000 	C:\WINDOWS\SYSTEM32\VERSION.dll
0x00007ffeb3900000 - 0x00007ffeb3914000 	C:\WINDOWS\SYSTEM32\UMPDC.dll
0x00007ffeb3c00000 - 0x00007ffeb3c1b000 	C:\WINDOWS\SYSTEM32\kernel.appcore.dll
0x00007ffe91bb0000 - 0x00007ffe91bba000 	c:\Users\Admin\.antigravity\extensions\redhat.java-1.55.0-win32-x64\jre\21.0.11-win32-x86_64\bin\jimage.dll
0x00007ffeb1d30000 - 0x00007ffeb1f72000 	C:\WINDOWS\SYSTEM32\DBGHELP.DLL
0x00007ffeb61b0000 - 0x00007ffeb6533000 	C:\WINDOWS\System32\combase.dll
0x00007ffeb6dd0000 - 0x00007ffeb6ea9000 	C:\WINDOWS\System32\OLEAUT32.dll
0x00007ffe8cf80000 - 0x00007ffe8cfbb000 	C:\WINDOWS\SYSTEM32\dbgcore.DLL
0x00007ffeb4f40000 - 0x00007ffeb4fec000 	C:\WINDOWS\System32\bcryptPrimitives.dll
0x00007ffe8dea0000 - 0x00007ffe8deaf000 	c:\Users\Admin\.antigravity\extensions\redhat.java-1.55.0-win32-x64\jre\21.0.11-win32-x86_64\bin\instrument.dll
0x00007ffe78ca0000 - 0x00007ffe78cc0000 	c:\Users\Admin\.antigravity\extensions\redhat.java-1.55.0-win32-x64\jre\21.0.11-win32-x86_64\bin\java.dll
0x00007ffeb5940000 - 0x00007ffeb60d2000 	C:\WINDOWS\System32\SHELL32.dll
0x00007ffeb2890000 - 0x00007ffeb3122000 	C:\WINDOWS\SYSTEM32\windows.storage.dll
0x00007ffeb6850000 - 0x00007ffeb6947000 	C:\WINDOWS\System32\SHCORE.dll
0x00007ffeb7790000 - 0x00007ffeb77f7000 	C:\WINDOWS\System32\shlwapi.dll
0x00007ffeb4d20000 - 0x00007ffeb4d49000 	C:\WINDOWS\SYSTEM32\profapi.dll
0x00007ffe785b0000 - 0x00007ffe785c8000 	c:\Users\Admin\.antigravity\extensions\redhat.java-1.55.0-win32-x64\jre\21.0.11-win32-x86_64\bin\zip.dll
0x00007ffe8af70000 - 0x00007ffe8af80000 	C:\Users\Admin\.antigravity\extensions\redhat.java-1.55.0-win32-x64\jre\21.0.11-win32-x86_64\bin\net.dll
0x00007ffeacac0000 - 0x00007ffeacbe7000 	C:\WINDOWS\SYSTEM32\WINHTTP.dll
0x00007ffeb41b0000 - 0x00007ffeb421c000 	C:\WINDOWS\system32\mswsock.dll
0x00007ffe713f0000 - 0x00007ffe71406000 	C:\Users\Admin\.antigravity\extensions\redhat.java-1.55.0-win32-x64\jre\21.0.11-win32-x86_64\bin\nio.dll
0x00007ffe89b40000 - 0x00007ffe89b50000 	c:\Users\Admin\.antigravity\extensions\redhat.java-1.55.0-win32-x64\jre\21.0.11-win32-x86_64\bin\verify.dll
0x00007ffe68c70000 - 0x00007ffe68cb5000 	C:\Users\Admin\AppData\Roaming\Antigravity\User\globalStorage\redhat.java\1.55.0\config_win\org.eclipse.equinox.launcher\org.eclipse.equinox.launcher.win32.win32.x86_64_1.3.100.v20260613-0559\eclipse_11924.dll
0x00007ffeb7950000 - 0x00007ffeb7ae9000 	C:\WINDOWS\System32\ole32.dll

JVMTI agents:
c:\Users\Admin\.antigravity\extensions\redhat.java-1.55.0-win32-x64\lombok\lombok-1.18.39-4050.jar path:c:\Users\Admin\.antigravity\extensions\redhat.java-1.55.0-win32-x64\jre\21.0.11-win32-x86_64\bin\instrument.dll, loaded, initialized, instrumentlib options:none

dbghelp: loaded successfully - version: 4.0.5 - missing functions: none
symbol engine: initialized successfully - sym options: 0x614 - pdb path: .;c:\Users\Admin\.antigravity\extensions\redhat.java-1.55.0-win32-x64\jre\21.0.11-win32-x86_64\bin;C:\WINDOWS\SYSTEM32;C:\WINDOWS\WinSxS\amd64_microsoft.windows.common-controls_6595b64144ccf1df_6.0.26100.8875_none_3e0d5d42e32fe9dd;c:\Users\Admin\.antigravity\extensions\redhat.java-1.55.0-win32-x64\jre\21.0.11-win32-x86_64\bin\server;C:\Users\Admin\AppData\Roaming\Antigravity\User\globalStorage\redhat.java\1.55.0\config_win\org.eclipse.equinox.launcher\org.eclipse.equinox.launcher.win32.win32.x86_64_1.3.100.v20260613-0559

VM Arguments:
jvm_args: --add-modules=ALL-SYSTEM --add-opens=java.base/java.util=ALL-UNNAMED --add-opens=java.base/java.lang=ALL-UNNAMED --add-opens=java.base/sun.nio.fs=ALL-UNNAMED -Declipse.application=org.eclipse.jdt.ls.core.id1 -Dosgi.bundles.defaultStartLevel=4 -Declipse.product=org.eclipse.jdt.ls.core.product -Djava.import.generatesMetadataFilesAtProjectRoot=false -DDetectVMInstallationsJob.disabled=true -Dfile.encoding=utf8 -XX:+UseParallelGC -XX:GCTimeRatio=4 -XX:AdaptiveSizePolicyWeight=90 -Dsun.zip.disableMemoryMapping=true -Xmx2G -Xms100m -Xlog:disable -javaagent:c:\Users\Admin\.antigravity\extensions\redhat.java-1.55.0-win32-x64\lombok\lombok-1.18.39-4050.jar -XX:+HeapDumpOnOutOfMemoryError -XX:HeapDumpPath=c:\Users\Admin\AppData\Roaming\Antigravity\User\workspaceStorage\a078f8295506c358ccbcd32556f50a8e\redhat.java -Daether.dependencyCollector.impl=bf 
java_command: c:\Users\Admin\.antigravity\extensions\redhat.java-1.55.0-win32-x64\server\plugins\org.eclipse.equinox.launcher_1.7.200.v20260619-2039.jar -configuration c:\Users\Admin\AppData\Roaming\Antigravity\User\globalStorage\redhat.java\1.55.0\config_win -data c:\Users\Admin\AppData\Roaming\Antigravity\User\workspaceStorage\a078f8295506c358ccbcd32556f50a8e\redhat.java\jdt_ws --pipe=\\.\pipe\lsp-5eb09bd178acf8d1433b53840b6fef82-sock
java_class_path (initial): c:\Users\Admin\.antigravity\extensions\redhat.java-1.55.0-win32-x64\server\plugins\org.eclipse.equinox.launcher_1.7.200.v20260619-2039.jar
Launcher Type: SUN_STANDARD

[Global flags]
    uintx AdaptiveSizePolicyWeight                 = 90                                        {product} {command line}
     intx CICompilerCount                          = 4                                         {product} {ergonomic}
    uintx GCTimeRatio                              = 4                                         {product} {command line}
     bool HeapDumpOnOutOfMemoryError               = true                                   {manageable} {command line}
    ccstr HeapDumpPath                             = c:\Users\Admin\AppData\Roaming\Antigravity\User\workspaceStorage\a078f8295506c358ccbcd32556f50a8e\redhat.java         {manageable} {command line}
   size_t InitialHeapSize                          = 104857600                                 {product} {command line}
   size_t MaxHeapSize                              = 2147483648                                {product} {command line}
   size_t MaxNewSize                               = 715653120                                 {product} {ergonomic}
   size_t MinHeapDeltaBytes                        = 524288                                    {product} {ergonomic}
   size_t MinHeapSize                              = 104857600                                 {product} {command line}
   size_t NewSize                                  = 34603008                                  {product} {ergonomic}
    uintx NonNMethodCodeHeapSize                   = 5839372                                {pd product} {ergonomic}
    uintx NonProfiledCodeHeapSize                  = 122909434                              {pd product} {ergonomic}
   size_t OldSize                                  = 70254592                                  {product} {ergonomic}
    uintx ProfiledCodeHeapSize                     = 122909434                              {pd product} {ergonomic}
    uintx ReservedCodeCacheSize                    = 251658240                              {pd product} {ergonomic}
     bool SegmentedCodeCache                       = true                                      {product} {ergonomic}
   size_t SoftMaxHeapSize                          = 2147483648                             {manageable} {ergonomic}
     bool UseCompressedOops                        = true                           {product lp64_product} {ergonomic}
     bool UseLargePagesIndividualAllocation        = false                                  {pd product} {ergonomic}
     bool UseParallelGC                            = true                                      {product} {command line}

Logging:
Log output configuration:
 #0: stdout all=off uptime,level,tags foldmultilines=false
 #1: stderr all=off uptime,level,tags foldmultilines=false

Release file:
JAVA_VERSION="21.0.11" 
MODULES="java.base java.compiler java.datatransfer java.xml java.prefs java.desktop java.instrument java.logging java.management java.security.sasl java.naming java.rmi java.management.rmi java.net.http java.scripting java.security.jgss java.transaction.xa java.sql java.sql.rowset java.xml.crypto java.se java.smartcardio jdk.accessibility jdk.internal.jvmstat jdk.attach jdk.charsets jdk.internal.opt jdk.zipfs jdk.compiler jdk.crypto.ec jdk.crypto.cryptoki jdk.crypto.mscapi jdk.dynalink jdk.internal.ed jdk.editpad jdk.hotspot.agent jdk.httpserver jdk.internal.le jdk.internal.vm.ci jdk.internal.vm.compiler jdk.internal.vm.compiler.management jdk.jartool jdk.javadoc jdk.jcmd jdk.management jdk.management.agent jdk.jconsole jdk.jdeps jdk.jdwp.agent jdk.jdi jdk.jfr jdk.jshell jdk.jsobject jdk.jstatd jdk.localedata jdk.management.jfr jdk.naming.dns jdk.naming.rmi jdk.net jdk.nio.mapmode jdk.random jdk.sctp jdk.security.auth jdk.security.jgss jdk.unsupported jdk.unsupported.desktop jdk.xml.dom" 

Environment Variables:
JAVA_HOME=C:\Program Files\Java\jdk-21.0.12
PATH=D:\linux\bin\;C:\Program Files\Java\jdk-23\bin;C:\Program Files (x86)\Common Files\Oracle\Java\javapath;C:\Windows\system32;C:\Windows;C:\Windows\System32\Wbem;C:\Windows\System32\WindowsPowerShell\v1.0\;C:\Windows\System32\OpenSSH\;C:\Program Files (x86)\NVIDIA Corporation\PhysX\Common;C:\Program Files\NVIDIA Corporation\NVIDIA NvDLISR;C:\WINDOWS\system32;C:\WINDOWS;C:\WINDOWS\System32\Wbem;C:\WINDOWS\System32\WindowsPowerShell\v1.0\;C:\WINDOWS\System32\OpenSSH\;C:\Program Files (x86)\ZeroTier\One\;C:\Program Files\Cloudflare\Cloudflare WARP\;C:\Program Files\Microsoft SQL Server\170\Tools\Binn\;C:\Program Files\Microsoft SQL Server\Client SDK\ODBC\170\Tools\Binn\;C:\Program Files\nodejs\;C:\Program Files (x86)\Microsoft SQL Server\170\Tools\Binn\;C:\Program Files\Microsoft SQL Server\Client SDK\ODBC\180\Tools\Binn\;C:\Program Files\Microsoft SQL Server\170\DTS\Binn\;C:\Program Files (x86)\Microsoft SQL Server\160\DTS\Binn\;C:\Program Files\dotnet\;C:\Program Files\Git\cmd;C:\Users\Admin\AppData\Local\Programs\Python\Python313\Scripts\;C:\Users\Admin\AppData\Local\Programs\Python\Python313\;C:\Users\Admin\AppData\Local\Programs\Python\Launcher\;C:\Program Files\PostgreSQL\14\bin;D:\Thý muòc mõìi\Microsoft VS Code\bin;C:\Users\Admin\AppData\Local\Programs\cursor\resources\app\bin;D:\Antigravity\bin;C:\Users\Admin\AppData\Roaming\npm;C:\Users\Admin\.dotnet\tools;C:\Users\Admin\AppData\Local\Microsoft\WindowsApps;C:\Users\Admin\AppData\Local\Programs\Antigravity IDE\bin;C:\Users\Admin\AppData\Local\GitHubDesktop\bin
USERNAME=Admin
OS=Windows_NT
PROCESSOR_IDENTIFIER=Intel64 Family 6 Model 141 Stepping 1, GenuineIntel
TMP=C:\Users\Admin\AppData\Local\Temp
TEMP=C:\Users\Admin\AppData\Local\Temp




Periodic native trim disabled

---------------  S Y S T E M  ---------------

OS:
 Windows 11 , 64 bit Build 26100 (10.0.26100.8875)
OS uptime: 0 days 1:20 hours
Hyper-V role detected

CPU: total 12 (initial active 12) (6 cores per cpu, 2 threads per core) family 6 model 141 stepping 1 microcode 0x50, cx8, cmov, fxsr, ht, mmx, 3dnowpref, sse, sse2, sse3, ssse3, sse4.1, sse4.2, popcnt, lzcnt, tsc, tscinvbit, avx, avx2, aes, erms, clmul, bmi1, bmi2, adx, avx512f, avx512dq, avx512cd, avx512bw, avx512vl, sha, fma, vzeroupper, avx512_vpopcntdq, avx512_vpclmulqdq, avx512_vaes, avx512_vnni, clflush, clflushopt, clwb, avx512_vbmi2, avx512_vbmi, hv, rdtscp, rdpid, fsrm, gfni, avx512_bitalg, f16c, cet_ibt, cet_ss, avx512_ifma
Processor Information for the first 12 processors :
  Max Mhz: 2688, Current Mhz: 2688, Mhz Limit: 2688

Memory: 4k page, system-wide physical 16105M (2213M free)
TotalPageFile size 20201M (AvailPageFile size 4M)
current process WorkingSet (physical memory assigned to process): 114M, peak: 122M
current process commit charge ("private bytes"): 260M, peak: 267M

vm_info: OpenJDK 64-Bit Server VM (21.0.11+10-LTS) for windows-amd64 JRE (21.0.11+10-LTS), built on 2026-04-21T00:00:00Z by "admin" with MS VC++ 17.12 (VS2022)

END.
